Component: ARM Compiler 5.06 update 7 (build 960) Tool: armlink [4d3601]

==============================================================================

Section Cross References

    startup_stm32h750xx.o(STACK) refers (Special) to heapauxi.o(.text) for __use_two_region_memory
    startup_stm32h750xx.o(HEAP) refers (Special) to heapauxi.o(.text) for __use_two_region_memory
    startup_stm32h750xx.o(RESET) refers (Special) to heapauxi.o(.text) for __use_two_region_memory
    startup_stm32h750xx.o(RESET) refers to startup_stm32h750xx.o(STACK) for __initial_sp
    startup_stm32h750xx.o(RESET) refers to startup_stm32h750xx.o(.text) for Reset_Handler
    startup_stm32h750xx.o(RESET) refers to stm32h7xx_it.o(i.NMI_Handler) for NMI_Handler
    startup_stm32h750xx.o(RESET) refers to stm32h7xx_it.o(i.HardFault_Handler) for HardFault_Handler
    startup_stm32h750xx.o(RESET) refers to stm32h7xx_it.o(i.MemManage_Handler) for MemManage_Handler
    startup_stm32h750xx.o(RESET) refers to stm32h7xx_it.o(i.BusFault_Handler) for BusFault_Handler
    startup_stm32h750xx.o(RESET) refers to stm32h7xx_it.o(i.UsageFault_Handler) for UsageFault_Handler
    startup_stm32h750xx.o(RESET) refers to stm32h7xx_it.o(i.SVC_Handler) for SVC_Handler
    startup_stm32h750xx.o(RESET) refers to stm32h7xx_it.o(i.DebugMon_Handler) for DebugMon_Handler
    startup_stm32h750xx.o(RESET) refers to stm32h7xx_it.o(i.PendSV_Handler) for PendSV_Handler
    startup_stm32h750xx.o(RESET) refers to stm32h7xx_it.o(i.SysTick_Handler) for SysTick_Handler
    startup_stm32h750xx.o(RESET) refers to stm32h7xx_it.o(i.DMA1_Stream0_IRQHandler) for DMA1_Stream0_IRQHandler
    startup_stm32h750xx.o(RESET) refers to stm32h7xx_it.o(i.DCMI_IRQHandler) for DCMI_IRQHandler
    startup_stm32h750xx.o(RESET) refers to stm32h7xx_it.o(i.UART7_IRQHandler) for UART7_IRQHandler
    startup_stm32h750xx.o(RESET) refers to stm32h7xx_it.o(i.TIM16_IRQHandler) for TIM16_IRQHandler
    startup_stm32h750xx.o(RESET) refers to stm32h7xx_it.o(i.TIM17_IRQHandler) for TIM17_IRQHandler
    startup_stm32h750xx.o(.text) refers (Special) to heapauxi.o(.text) for __use_two_region_memory
    startup_stm32h750xx.o(.text) refers to system_stm32h7xx.o(i.SystemInit) for SystemInit
    startup_stm32h750xx.o(.text) refers to __main.o(!!!main) for __main
    startup_stm32h750xx.o(.text) refers to startup_stm32h750xx.o(HEAP) for Heap_Mem
    startup_stm32h750xx.o(.text) refers to startup_stm32h750xx.o(STACK) for Stack_Mem
    main.o(i.SystemClock_Config) refers to rt_memclr_w.o(.text) for __aeabi_memclr4
    main.o(i.SystemClock_Config) refers to stm32h7xx_hal_pwr_ex.o(i.HAL_PWREx_ConfigSupply) for HAL_PWREx_ConfigSupply
    main.o(i.SystemClock_Config) refers to stm32h7xx_hal_rcc.o(i.HAL_RCC_OscConfig) for HAL_RCC_OscConfig
    main.o(i.SystemClock_Config) refers to main.o(i.Error_Handler) for Error_Handler
    main.o(i.SystemClock_Config) refers to stm32h7xx_hal_rcc.o(i.HAL_RCC_ClockConfig) for HAL_RCC_ClockConfig
    main.o(i.main) refers to stm32h7xx_hal.o(i.HAL_Init) for HAL_Init
    main.o(i.main) refers to main.o(i.SystemClock_Config) for SystemClock_Config
    main.o(i.main) refers to gpio.o(i.MX_GPIO_Init) for MX_GPIO_Init
    main.o(i.main) refers to dma.o(i.MX_DMA_Init) for MX_DMA_Init
    main.o(i.main) refers to fmc.o(i.MX_FMC_Init) for MX_FMC_Init
    main.o(i.main) refers to tim.o(i.MX_TIM16_Init) for MX_TIM16_Init
    main.o(i.main) refers to dcmi.o(i.MX_DCMI_Init) for MX_DCMI_Init
    main.o(i.main) refers to tim.o(i.MX_TIM1_Init) for MX_TIM1_Init
    main.o(i.main) refers to usart.o(i.MX_UART7_Init) for MX_UART7_Init
    main.o(i.main) refers to tim.o(i.MX_TIM2_Init) for MX_TIM2_Init
    main.o(i.main) refers to tim.o(i.MX_TIM17_Init) for MX_TIM17_Init
    main.o(i.main) refers to tim.o(i.MX_TIM15_Init) for MX_TIM15_Init
    main.o(i.main) refers to user_motor_init.o(i.Motor_Init) for Motor_Init
    main.o(i.main) refers to stm32h7xx_hal.o(i.HAL_Delay) for HAL_Delay
    main.o(i.main) refers to stm32h7xx_hal_gpio.o(i.HAL_GPIO_TogglePin) for HAL_GPIO_TogglePin
    gpio.o(i.MX_GPIO_Init) refers to rt_memclr_w.o(.text) for __aeabi_memclr4
    gpio.o(i.MX_GPIO_Init) refers to stm32h7xx_hal_gpio.o(i.HAL_GPIO_WritePin) for HAL_GPIO_WritePin
    gpio.o(i.MX_GPIO_Init) refers to stm32h7xx_hal_gpio.o(i.HAL_GPIO_Init) for HAL_GPIO_Init
    dcmi.o(i.HAL_DCMI_MspDeInit) refers to stm32h7xx_hal_gpio.o(i.HAL_GPIO_DeInit) for HAL_GPIO_DeInit
    dcmi.o(i.HAL_DCMI_MspDeInit) refers to stm32h7xx_hal_dma.o(i.HAL_DMA_DeInit) for HAL_DMA_DeInit
    dcmi.o(i.HAL_DCMI_MspDeInit) refers to stm32h7xx_hal_cortex.o(i.HAL_NVIC_DisableIRQ) for HAL_NVIC_DisableIRQ
    dcmi.o(i.HAL_DCMI_MspInit) refers to rt_memclr_w.o(.text) for __aeabi_memclr4
    dcmi.o(i.HAL_DCMI_MspInit) refers to stm32h7xx_hal_gpio.o(i.HAL_GPIO_Init) for HAL_GPIO_Init
    dcmi.o(i.HAL_DCMI_MspInit) refers to stm32h7xx_hal_dma.o(i.HAL_DMA_Init) for HAL_DMA_Init
    dcmi.o(i.HAL_DCMI_MspInit) refers to main.o(i.Error_Handler) for Error_Handler
[...]
    EXTI3_IRQHandler                         0x080003db   Thumb Code     0  startup_stm32h750xx.o(.text)
    EXTI4_IRQHandler                         0x080003db   Thumb Code     0  startup_stm32h750xx.o(.text)
    EXTI9_5_IRQHandler                       0x080003db   Thumb Code     0  startup_stm32h750xx.o(.text)
    FDCAN1_IT0_IRQHandler                    0x080003db   Thumb Code     0  startup_stm32h750xx.o(.text)
    FDCAN1_IT1_IRQHandler                    0x080003db   Thumb Code     0  startup_stm32h750xx.o(.text)
    FDCAN2_IT0_IRQHandler                    0x080003db   Thumb Code     0  startup_stm32h750xx.o(.text)
    FDCAN2_IT1_IRQHandler                    0x080003db   Thumb Code     0  startup_stm32h750xx.o(.text)
    FDCAN_CAL_IRQHandler                     0x080003db   Thumb Code     0  startup_stm32h750xx.o(.text)
    FLASH_IRQHandler                         0x080003db   Thumb Code     0  startup_stm32h750xx.o(.text)
    FMC_IRQHandler                           0x080003db   Thumb Code     0  startup_stm32h750xx.o(.text)
    FPU_IRQHandler                           0x080003db   Thumb Code     0  startup_stm32h750xx.o(.text)
    HASH_RNG_IRQHandler                      0x080003db   Thumb Code     0  startup_stm32h750xx.o(.text)
    HRTIM1_FLT_IRQHandler                    0x080003db   Thumb Code     0  startup_stm32h750xx.o(.text)
    HRTIM1_Master_IRQHandler                 0x080003db   Thumb Code     0  startup_stm32h750xx.o(.text)
    HRTIM1_TIMA_IRQHandler                   0x080003db   Thumb Code     0  startup_stm32h750xx.o(.text)
    HRTIM1_TIMB_IRQHandler                   0x080003db   Thumb Code     0  startup_stm32h750xx.o(.text)
    HRTIM1_TIMC_IRQHandler                   0x080003db   Thumb Code     0  startup_stm32h750xx.o(.text)
    HRTIM1_TIMD_IRQHandler                   0x080003db   Thumb Code     0  startup_stm32h750xx.o(.text)
    HRTIM1_TIME_IRQHandler                   0x080003db   Thumb Code     0  startup_stm32h750xx.o(.text)
    HSEM1_IRQHandler                         0x080003db   Thumb Code     0  startup_stm32h750xx.o(.text)
    I2C1_ER_IRQHandler                       0x080003db   Thumb Code     0  startup_stm32h750xx.o(.text)
    I2C1_EV_IRQHandler                       0x080003db   Thumb Code     0  startup_stm32h750xx.o(.text)
    I2C2_ER_IRQHandler                       0x080003db   Thumb Code     0  startup_stm32h750xx.o(.text)
    I2C2_EV_IRQHandler                       0x080003db   Thumb Code     0  startup_stm32h750xx.o(.text)
    I2C3_ER_IRQHandler                       0x080003db   Thumb Code     0  startup_stm32h750xx.o(.text)
    I2C3_EV_IRQHandler                       0x080003db   Thumb Code     0  startup_stm32h750xx.o(.text)
    I2C4_ER_IRQHandler                       0x080003db   Thumb Code     0  startup_stm32h750xx.o(.text)
    I2C4_EV_IRQHandler                       0x080003db   Thumb Code     0  startup_stm32h750xx.o(.text)
    JPEG_IRQHandler                          0x080003db   Thumb Code     0  startup_stm32h750xx.o(.text)
    LPTIM1_IRQHandler                        0x080003db   Thumb Code     0  startup_stm32h750xx.o(.text)
    LPTIM2_IRQHandler                        0x080003db   Thumb Code     0  startup_stm32h750xx.o(.text)
    LPTIM3_IRQHandler                        0x080003db   Thumb Code     0  startup_stm32h750xx.o(.text)
    LPTIM4_IRQHandler                        0x080003db   Thumb Code     0  startup_stm32h750xx.o(.text)
    LPTIM5_IRQHandler                        0x080003db   Thumb Code     0  startup_stm32h750xx.o(.text)
    LPUART1_IRQHandler                       0x080003db   Thumb Code     0  startup_stm32h750xx.o(.text)
    LTDC_ER_IRQHandler                       0x080003db   Thumb Code     0  startup_stm32h750xx.o(.text)
    LTDC_IRQHandler                          0x080003db   Thumb Code     0  startup_stm32h750xx.o(.text)
    MDIOS_IRQHandler                         0x080003db   Thumb Code     0  startup_stm32h750xx.o(.text)
    MDIOS_WKUP_IRQHandler                    0x080003db   Thumb Code     0  startup_stm32h750xx.o(.text)
    MDMA_IRQHandler                          0x080003db   Thumb Code     0  startup_stm32h750xx.o(.text)
    OTG_FS_EP1_IN_IRQHandler                 0x080003db   Thumb Code     0  startup_stm32h750xx.o(.text)
    OTG_FS_EP1_OUT_IRQHandler                0x080003db   Thumb Code     0  startup_stm32h750xx.o(.text)
    OTG_FS_IRQHandler                        0x080003db   Thumb Code     0  startup_stm32h750xx.o(.text)
    OTG_FS_WKUP_IRQHandler                   0x080003db   Thumb Code     0  startup_stm32h750xx.o(.text)
    OTG_HS_EP1_IN_IRQHandler                 0x080003db   Thumb Code     0  startup_stm32h750xx.o(.text)
    OTG_HS_EP1_OUT_IRQHandler                0x080003db   Thumb Code     0  startup_stm32h750xx.o(.text)
    OTG_HS_IRQHandler                        0x080003db   Thumb Code     0  startup_stm32h750xx.o(.text)
    OTG_HS_WKUP_IRQHandler                   0x080003db   Thumb Code     0  startup_stm32h750xx.o(.text)
    PVD_AVD_IRQHandler                       0x080003db   Thumb Code     0  startup_stm32h750xx.o(.text)
    QUADSPI_IRQHandler                       0x080003db   Thumb Code     0  startup_stm32h750xx.o(.text)
    RCC_IRQHandler                           0x080003db   Thumb Code     0  startup_stm32h750xx.o(.text)
    RTC_Alarm_IRQHandler                     0x080003db   Thumb Code     0  startup_stm32h750xx.o(.text)
    RTC_WKUP_IRQHandler                      0x080003db   Thumb Code     0  startup_stm32h750xx.o(.text)
    SAI1_IRQHandler                          0x080003db   Thumb Code     0  startup_stm32h750xx.o(.text)
    SAI2_IRQHandler                          0x080003db   Thumb Code     0  startup_stm32h750xx.o(.text)
    SAI3_IRQHandler                          0x080003db   Thumb Code     0  startup_stm32h750xx.o(.text)
    SAI4_IRQHandler                          0x080003db   Thumb Code     0  startup_stm32h750xx.o(.text)
    SDMMC1_IRQHandler                        0x080003db   Thumb Code     0  startup_stm32h750xx.o(.text)
    SDMMC2_IRQHandler                        0x080003db   Thumb Code     0  startup_stm32h750xx.o(.text)
    SPDIF_RX_IRQHandler                      0x080003db   Thumb Code     0  startup_stm32h750xx.o(.text)
    SPI1_IRQHandler                          0x080003db   Thumb Code     0  startup_stm32h750xx.o(.text)
    SPI2_IRQHandler                          0x080003db   Thumb Code     0  startup_stm32h750xx.o(.text)
    SPI3_IRQHandler                          0x080003db   Thumb Code     0  startup_stm32h750xx.o(.text)
    SPI4_IRQHandler                          0x080003db   Thumb Code     0  startup_stm32h750xx.o(.text)
    SPI5_IRQHandler                          0x080003db   Thumb Code     0  startup_stm32h750xx.o(.text)
    SPI6_IRQHandler                          0x080003db   Thumb Code     0  startup_stm32h750xx.o(.text)
    SWPMI1_IRQHandler                        0x080003db   Thumb Code     0  startup_stm32h750xx.o(.text)
    TAMP_STAMP_IRQHandler                    0x080003db   Thumb Code     0  startup_stm32h750xx.o(.text)
    TIM15_IRQHandler                         0x080003db   Thumb Code     0  startup_stm32h750xx.o(.text)
    TIM1_BRK_IRQHandler                      0x080003db   Thumb Code     0  startup_stm32h750xx.o(.text)
    TIM1_CC_IRQHandler                       0x080003db   Thumb Code     0  startup_stm32h750xx.o(.text)
    TIM1_TRG_COM_IRQHandler                  0x080003db   Thumb Code     0  startup_stm32h750xx.o(.text)
    TIM1_UP_IRQHandler                       0x080003db   Thumb Code     0  startup_stm32h750xx.o(.text)
    TIM2_IRQHandler                          0x080003db   Thumb Code     0  startup_stm32h750xx.o(.text)
    TIM3_IRQHandler                          0x080003db   Thumb Code     0  startup_stm32h750xx.o(.text)
    TIM4_IRQHandler                          0x080003db   Thumb Code     0  startup_stm32h750xx.o(.text)
    TIM5_IRQHandler                          0x080003db   Thumb Code     0  startup_stm32h750xx.o(.text)
    TIM6_DAC_IRQHandler                      0x080003db   Thumb Code     0  startup_stm32h750xx.o(.text)
    TIM7_IRQHandler                          0x080003db   Thumb Code     0  startup_stm32h750xx.o(.text)
    TIM8_BRK_TIM12_IRQHandler                0x080003db   Thumb Code     0  startup_stm32h750xx.o(.text)
    TIM8_CC_IRQHandler                       0x080003db   Thumb Code     0  startup_stm32h750xx.o(.text)
    TIM8_TRG_COM_TIM14_IRQHandler            0x080003db   Thumb Code     0  startup_stm32h750xx.o(.text)
    TIM8_UP_TIM13_IRQHandler                 0x080003db   Thumb Code     0  startup_stm32h750xx.o(.text)
    UART4_IRQHandler                         0x080003db   Thumb Code     0  startup_stm32h750xx.o(.text)
    UART5_IRQHandler                         0x080003db   Thumb Code     0  startup_stm32h750xx.o(.text)
    UART8_IRQHandler                         0x080003db   Thumb Code     0  startup_stm32h750xx.o(.text)
    USART1_IRQHandler                        0x080003db   Thumb Code     0  startup_stm32h750xx.o(.text)
    USART2_IRQHandler                        0x080003db   Thumb Code     0  startup_stm32h750xx.o(.text)
    USART3_IRQHandler                        0x080003db   Thumb Code     0  startup_stm32h750xx.o(.text)
    USART6_IRQHandler                        0x080003db   Thumb Code     0  startup_stm32h750xx.o(.text)
    WAKEUP_PIN_IRQHandler                    0x080003db   Thumb Code     0  startup_stm32h750xx.o(.text)
    WWDG_IRQHandler                          0x080003db   Thumb Code     0  startup_stm32h750xx.o(.text)
    __user_initial_stackheap                 0x080003dd   Thumb Code     0  startup_stm32h750xx.o(.text)
    __aeabi_uldivmod                         0x08000401   Thumb Code     0  lludivv7m.o(.text)
    _ll_udiv                                 0x08000401   Thumb Code   238  lludivv7m.o(.text)
    __2printf                                0x080004f1   Thumb Code    20  noretval__2printf.o(.text)
    _printf_pre_padding                      0x08000509   Thumb Code    44  _printf_pad.o(.text)
    _printf_post_padding                     0x08000535   Thumb Code    34  _printf_pad.o(.text)
    _printf_str                              0x08000557   Thumb Code    82  _printf_str.o(.text)
    _printf_int_dec                          0x080005a9   Thumb Code   104  _printf_dec.o(.text)
    _printf_int_hex                          0x08000621   Thumb Code    84  _printf_hex_int.o(.text)
    _printf_longlong_hex                     0x08000621   Thumb Code     0  _printf_hex_int.o(.text)
    __printf                                 0x08000679   Thumb Code   388  __printf_flags_ss_wp.o(.text)
    __aeabi_memclr4                          0x08000801   Thumb Code     0  rt_memclr_w.o(.text)
    __aeabi_memclr8                          0x08000801   Thumb Code     0  rt_memclr_w.o(.text)
    __rt_memclr_w                            0x08000801   Thumb Code    78  rt_memclr_w.o(.text)
    _memset_w                                0x08000805   Thumb Code     0  rt_memclr_w.o(.text)
    __use_two_region_memory                  0x0800084f   Thumb Code     2  heapauxi.o(.text)
    __rt_heap_escrow                         0x08000851   Thumb Code     2  heapauxi.o(.text)
    __rt_heap_expand                         0x08000853   Thumb Code     2  heapauxi.o(.text)
    _printf_int_common                       0x08000855   Thumb Code   178  _printf_intcommon.o(.text)
    __lib_sel_fp_printf                      0x08000907   Thumb Code     2  _printf_fp_dec.o(.text)
    _printf_fp_dec_real                      0x08000ab9   Thumb Code   620  _printf_fp_dec.o(.text)
    _printf_cs_common                        0x08000d25   Thumb Code    20  _printf_char.o(.text)
    _printf_char                             0x08000d39   Thumb Code    16  _printf_char.o(.text)
    _printf_string                           0x08000d49   Thumb Code     8  _printf_char.o(.text)
    _printf_char_file                        0x08000d51   Thumb Code    32  _printf_char_file.o(.text)
    __rt_locale                              0x08000d75   Thumb Code     8  rt_locale_intlibspace.o(.text)
    _ll_udiv10                               0x08000d7d   Thumb Code   138  lludiv10.o(.text)
    _printf_char_common                      0x08000e13   Thumb Code    32  _printf_char_common.o(.text)
    _printf_fp_infnan                        0x08000e39   Thumb Code   112  _printf_fp_infnan.o(.text)
    _btod_etento                             0x08000eb9   Thumb Code   224  bigflt0.o(.text)
    ferror                                   0x08000f9d   Thumb Code     8  ferror.o(.text)
    _initio                                  0x08000fa5   Thumb Code   210  initio.o(.text)
    _terminateio                             0x08001077   Thumb Code    56  initio.o(.text)
    _sys_open                                0x080010dd   Thumb Code    20  sys_io.o(.text)
    _sys_close                               0x080010f1   Thumb Code    12  sys_io.o(.text)
    _sys_write                               0x080010fd   Thumb Code    16  sys_io.o(.text)
    _sys_read                                0x0800110d   Thumb Code    14  sys_io.o(.text)
    _sys_istty                               0x0800111b   Thumb Code    12  sys_io.o(.text)
    _sys_seek                                0x08001127   Thumb Code    14  sys_io.o(.text)
    _sys_ensure                              0x08001135   Thumb Code     2  sys_io.o(.text)
    _sys_flen                                0x08001137   Thumb Code    12  sys_io.o(.text)
    __user_libspace                          0x08001145   Thumb Code     8  libspace.o(.text)
    __user_perproc_libspace                  0x08001145   Thumb Code     0  libspace.o(.text)
    __user_perthread_libspace                0x08001145   Thumb Code     0  libspace.o(.text)
    __user_setup_stackheap                   0x0800114d   Thumb Code    74  sys_stackheap_outer.o(.text)
    free                                     0x08001197   Thumb Code    78  h1_free.o(.text)
    setvbuf                                  0x080011e5   Thumb Code    70  setvbuf.o(.text)
    freopen                                  0x0800122d   Thumb Code   158  fopen.o(.text)
    fopen                                    0x080012cb   Thumb Code    74  fopen.o(.text)
    _fclose_internal                         0x08001319   Thumb Code    76  fclose.o(.text)
    fclose                                   0x08001319   Thumb Code     0  fclose.o(.text)
    exit                                     0x08001365   Thumb Code    18  exit.o(.text)
    __rt_SIGRTRED                            0x08001377   Thumb Code    14  defsig_rtred_outer.o(.text)
    strcmp                                   0x08001385   Thumb Code   104  strcmpv7m_pel.o(.text)
    __I$use$semihosting                      0x080013ed   Thumb Code     0  use_no_semi.o(.text)
    __use_no_semihosting_swi                 0x080013ed   Thumb Code     2  use_no_semi.o(.text)
    __semihosting_library_function           0x080013ef   Thumb Code     0  indicate_semi.o(.text)
    __rt_heap_descriptor                     0x080013f1   Thumb Code     8  rt_heap_descriptor_intlibspace.o(.text)
    __use_no_heap                            0x080013f9   Thumb Code     2  hguard.o(.text)
    __heap$guard                             0x080013fb   Thumb Code     2  hguard.o(.text)
    _terminate_user_alloc                    0x080013fd   Thumb Code     2  init_alloc.o(.text)
    _init_user_alloc                         0x080013ff   Thumb Code     2  init_alloc.o(.text)
    __Heap_Full                              0x08001401   Thumb Code    34  init_alloc.o(.text)
    __Heap_Broken                            0x08001423   Thumb Code     6  init_alloc.o(.text)
    _init_alloc                              0x08001429   Thumb Code    94  init_alloc.o(.text)
    malloc                                   0x08001487   Thumb Code    94  h1_alloc.o(.text)
    _fseek                                   0x080014e5   Thumb Code   242  fseek.o(.text)
    fseek                                    0x080014e5   Thumb Code     0  fseek.o(.text)
    _seterr                                  0x080015dd   Thumb Code    20  stdio.o(.text)
    _writebuf                                0x080015f1   Thumb Code    84  stdio.o(.text)
    _fflush                                  0x08001645   Thumb Code    70  stdio.o(.text)
    _deferredlazyseek                        0x0800168b   Thumb Code    60  stdio.o(.text)
    __sig_exit                               0x080016cd   Thumb Code    10  defsig_exit.o(.text)
    __rt_SIGRTRED_inner                      0x080016d9   Thumb Code    14  defsig_rtred_inner.o(.text)
    strlen                                   0x0800170d   Thumb Code    62  strlen.o(.text)
    _sys_exit                                0x0800174d   Thumb Code     8  sys_exit.o(.text)
    __Heap_Initialize                        0x08001759   Thumb Code    10  h1_init.o(.text)
    __Heap_DescSize                          0x08001763   Thumb Code     4  h1_init.o(.text)
    __Heap_ProvideMemory                     0x08001767   Thumb Code    52  h1_extend.o(.text)
    _ftell_internal                          0x0800179b   Thumb Code    66  ftell.o(.text)
    ftell                                    0x0800179b   Thumb Code     0  ftell.o(.text)
    __default_signal_display                 0x080017dd   Thumb Code    50  defsig_general.o(.text)
    __rt_SIGRTMEM                            0x0800180f   Thumb Code    14  defsig_rtmem_outer.o(.text)
    _ttywrch                                 0x0800181d   Thumb Code    14  sys_wrch.o(.text)
    __aeabi_errno_addr                       0x0800182d   Thumb Code     8  rt_errno_addr_intlibspace.o(.text)
    __errno$intlibspace                      0x0800182d   Thumb Code     0  rt_errno_addr_intlibspace.o(.text)
    __rt_errno_addr$intlibspace              0x0800182d   Thumb Code     0  rt_errno_addr_intlibspace.o(.text)
    __rt_SIGRTMEM_inner                      0x08001835   Thumb Code    22  defsig_rtmem_inner.o(.text)
    _btod_d2e                                0x08001885   Thumb Code    62  btod.o(CL$$btod_d2e)
    _d2e_denorm_low                          0x080018c3   Thumb Code    70  btod.o(CL$$btod_d2e_denorm_low)
    _d2e_norm_op1                            0x08001909   Thumb Code    96  btod.o(CL$$btod_d2e_norm_op1)
    __btod_div_common                        0x08001969   Thumb Code   696  btod.o(CL$$btod_div_common)
    _e2e                                     0x08001ca1   Thumb Code   220  btod.o(CL$$btod_e2e)
    _btod_ediv                               0x08001d7d   Thumb Code    42  btod.o(CL$$btod_ediv)
    _btod_emul                               0x08001da7   Thumb Code    42  btod.o(CL$$btod_emul)
    __btod_mult_common                       0x08001dd1   Thumb Code   580  btod.o(CL$$btod_mult_common)
    BusFault_Handler                         0x08002015   Thumb Code     4  stm32h7xx_it.o(i.BusFault_Handler)
    Change_M1_PID                            0x08002019   Thumb Code    68  command.o(i.Change_M1_PID)
    Change_M1_Spd                            0x08002065   Thumb Code    28  command.o(i.Change_M1_Spd)
    DCMI_IRQHandler                          0x080020ad   Thumb Code    10  stm32h7xx_it.o(i.DCMI_IRQHandler)
    DMA1_Stream0_IRQHandler                  0x080020bd   Thumb Code    10  stm32h7xx_it.o(i.DMA1_Stream0_IRQHandler)
    DebugMon_Handler                         0x080023c3   Thumb Code     2  stm32h7xx_it.o(i.DebugMon_Handler)
    Delta_PID                                0x080023c5   Thumb Code   228  pid.o(i.Delta_PID)
    Error_Handler                            0x080024b9   Thumb Code     6  main.o(i.Error_Handler)
    FMC_SDRAM_Init                           0x080024bf   Thumb Code   108  stm32h7xx_ll_fmc.o(i.FMC_SDRAM_Init)
    FMC_SDRAM_ProgramRefreshRate             0x0800252b   Thumb Code    20  stm32h7xx_ll_fmc.o(i.FMC_SDRAM_ProgramRefreshRate)
    FMC_SDRAM_SendCommand                    0x0800253f   Thumb Code    38  stm32h7xx_ll_fmc.o(i.FMC_SDRAM_SendCommand)
    FMC_SDRAM_Timing_Init                    0x08002565   Thumb Code   144  stm32h7xx_ll_fmc.o(i.FMC_SDRAM_Timing_Init)
    Get_Current_Spd                          0x080025f9   Thumb Code    32  command.o(i.Get_Current_Spd)
    Get_M1_SPD                               0x0800262d   Thumb Code   112  encoder.o(i.Get_M1_SPD)
    HAL_DCMI_ErrorCallback                   0x080026c5   Thumb Code     2  stm32h7xx_hal_dcmi.o(i.HAL_DCMI_ErrorCallback)
    HAL_DCMI_FrameEventCallback              0x080026c7   Thumb Code     2  stm32h7xx_hal_dcmi.o(i.HAL_DCMI_FrameEventCallback)
    HAL_DCMI_IRQHandler                      0x080026c9   Thumb Code   176  stm32h7xx_hal_dcmi.o(i.HAL_DCMI_IRQHandler)
    HAL_DCMI_Init                            0x0800277d   Thumb Code   156  stm32h7xx_hal_dcmi.o(i.HAL_DCMI_Init)
    HAL_DCMI_LineEventCallback               0x0800281d   Thumb Code     2  stm32h7xx_hal_dcmi.o(i.HAL_DCMI_LineEventCallback)
    HAL_DCMI_MspInit                         0x08002821   Thumb Code   362  dcmi.o(i.HAL_DCMI_MspInit)
    HAL_DCMI_VsyncEventCallback              0x080029ad   Thumb Code     2  stm32h7xx_hal_dcmi.o(i.HAL_DCMI_VsyncEventCallback)
    HAL_DMA_Abort                            0x080029b1   Thumb Code  1236  stm32h7xx_hal_dma.o(i.HAL_DMA_Abort)
    HAL_DMA_Abort_IT                         0x08002e8d   Thumb Code   906  stm32h7xx_hal_dma.o(i.HAL_DMA_Abort_IT)
    HAL_DMA_IRQHandler                       0x08003225   Thumb Code  2800  stm32h7xx_hal_dma.o(i.HAL_DMA_IRQHandler)
    HAL_DMA_Init                             0x08003d1d   Thumb Code  1304  stm32h7xx_hal_dma.o(i.HAL_DMA_Init)
    HAL_Delay                                0x0800423d   Thumb Code    36  stm32h7xx_hal.o(i.HAL_Delay)
    HAL_GPIO_Init                            0x080043b5   Thumb Code   468  stm32h7xx_hal_gpio.o(i.HAL_GPIO_Init)
    HAL_GPIO_TogglePin                       0x080045bd   Thumb Code    20  stm32h7xx_hal_gpio.o(i.HAL_GPIO_TogglePin)
    HAL_GPIO_WritePin                        0x080045d1   Thumb Code    12  stm32h7xx_hal_gpio.o(i.HAL_GPIO_WritePin)
    HAL_GetREVID                             0x080045dd   Thumb Code     8  stm32h7xx_hal.o(i.HAL_GetREVID)
    HAL_GetTick                              0x080045e9   Thumb Code     6  stm32h7xx_hal.o(i.HAL_GetTick)
    HAL_IncTick                              0x080045f5   Thumb Code    16  stm32h7xx_hal.o(i.HAL_IncTick)
    HAL_Init                                 0x0800460d   Thumb Code    80  stm32h7xx_hal.o(i.HAL_Init)
    HAL_InitTick                             0x0800466d   Thumb Code    74  stm32h7xx_hal.o(i.HAL_InitTick)
    HAL_MspInit                              0x080046c5   Thumb Code    38  stm32h7xx_hal_msp.o(i.HAL_MspInit)
    HAL_NVIC_EnableIRQ                       0x080046f1   Thumb Code    40  stm32h7xx_hal_cortex.o(i.HAL_NVIC_EnableIRQ)
    HAL_NVIC_SetPriority                     0x08004719   Thumb Code   122  stm32h7xx_hal_cortex.o(i.HAL_NVIC_SetPriority)
    HAL_NVIC_SetPriorityGrouping             0x08004795   Thumb Code    32  stm32h7xx_hal_cortex.o(i.HAL_NVIC_SetPriorityGrouping)
    HAL_PWREx_ConfigSupply                   0x080047bd   Thumb Code    90  stm32h7xx_hal_pwr_ex.o(i.HAL_PWREx_ConfigSupply)
    HAL_RCCEx_GetD3PCLK1Freq                 0x0800481d   Thumb Code    26  stm32h7xx_hal_rcc_ex.o(i.HAL_RCCEx_GetD3PCLK1Freq)
    HAL_RCCEx_GetPLL2ClockFreq               0x08004841   Thumb Code   536  stm32h7xx_hal_rcc_ex.o(i.HAL_RCCEx_GetPLL2ClockFreq)
    HAL_RCCEx_GetPLL3ClockFreq               0x08004a71   Thumb Code   536  stm32h7xx_hal_rcc_ex.o(i.HAL_RCCEx_GetPLL3ClockFreq)
    HAL_RCCEx_PeriphCLKConfig                0x08004ca1   Thumb Code  2910  stm32h7xx_hal_rcc_ex.o(i.HAL_RCCEx_PeriphCLKConfig)
    HAL_RCC_ClockConfig                      0x08005805   Thumb Code   774  stm32h7xx_hal_rcc.o(i.HAL_RCC_ClockConfig)
    HAL_RCC_GetHCLKFreq                      0x08005b25   Thumb Code    60  stm32h7xx_hal_rcc.o(i.HAL_RCC_GetHCLKFreq)
    HAL_RCC_GetPCLK1Freq                     0x08005b71   Thumb Code    26  stm32h7xx_hal_rcc.o(i.HAL_RCC_GetPCLK1Freq)
    HAL_RCC_GetPCLK2Freq                     0x08005b95   Thumb Code    26  stm32h7xx_hal_rcc.o(i.HAL_RCC_GetPCLK2Freq)
    HAL_RCC_GetSysClockFreq                  0x08005bb9   Thumb Code   524  stm32h7xx_hal_rcc.o(i.HAL_RCC_GetSysClockFreq)
    HAL_RCC_OscConfig                        0x08005de5   Thumb Code  2010  stm32h7xx_hal_rcc.o(i.HAL_RCC_OscConfig)
    HAL_SDRAM_Init                           0x080065c9   Thumb Code    76  stm32h7xx_hal_sdram.o(i.HAL_SDRAM_Init)
    HAL_SDRAM_MspInit                        0x08006619   Thumb Code    10  fmc.o(i.HAL_SDRAM_MspInit)
    HAL_SDRAM_ProgramRefreshRate             0x08006623   Thumb Code    54  stm32h7xx_hal_sdram.o(i.HAL_SDRAM_ProgramRefreshRate)
    HAL_SDRAM_SendCommand                    0x08006659   Thumb Code    78  stm32h7xx_hal_sdram.o(i.HAL_SDRAM_SendCommand)
    HAL_SYSTICK_Config                       0x080066a7   Thumb Code    52  stm32h7xx_hal_cortex.o(i.HAL_SYSTICK_Config)
    HAL_TIMEx_Break2Callback                 0x080066db   Thumb Code     2  stm32h7xx_hal_tim_ex.o(i.HAL_TIMEx_Break2Callback)
    HAL_TIMEx_BreakCallback                  0x080066dd   Thumb Code     2  stm32h7xx_hal_tim_ex.o(i.HAL_TIMEx_BreakCallback)
    HAL_TIMEx_CommutCallback                 0x080066df   Thumb Code     2  stm32h7xx_hal_tim_ex.o(i.HAL_TIMEx_CommutCallback)
    HAL_TIMEx_ConfigBreakDeadTime            0x080066e1   Thumb Code   172  stm32h7xx_hal_tim_ex.o(i.HAL_TIMEx_ConfigBreakDeadTime)
    HAL_TIMEx_MasterConfigSynchronization    0x08006795   Thumb Code   166  stm32h7xx_hal_tim_ex.o(i.HAL_TIMEx_MasterConfigSynchronization)
    HAL_TIM_Base_Init                        0x08006855   Thumb Code   110  stm32h7xx_hal_tim.o(i.HAL_TIM_Base_Init)
    HAL_TIM_Base_MspInit                     0x080068c5   Thumb Code   184  tim.o(i.HAL_TIM_Base_MspInit)
    HAL_TIM_Base_Start_IT                    0x08006991   Thumb Code   138  stm32h7xx_hal_tim.o(i.HAL_TIM_Base_Start_IT)
    HAL_TIM_ConfigClockSource                0x08006a39   Thumb Code   300  stm32h7xx_hal_tim.o(i.HAL_TIM_ConfigClockSource)
    HAL_TIM_Encoder_Init                     0x08006b69   Thumb Code   198  stm32h7xx_hal_tim.o(i.HAL_TIM_Encoder_Init)
    HAL_TIM_Encoder_MspInit                  0x08006c35   Thumb Code   168  tim.o(i.HAL_TIM_Encoder_MspInit)
    HAL_TIM_Encoder_Start                    0x08006ce9   Thumb Code   204  stm32h7xx_hal_tim.o(i.HAL_TIM_Encoder_Start)
    HAL_TIM_IC_CaptureCallback               0x08006db5   Thumb Code     2  stm32h7xx_hal_tim.o(i.HAL_TIM_IC_CaptureCallback)
    HAL_TIM_IRQHandler                       0x08006db7   Thumb Code   440  stm32h7xx_hal_tim.o(i.HAL_TIM_IRQHandler)
    HAL_TIM_MspPostInit                      0x08006f71   Thumb Code   196  tim.o(i.HAL_TIM_MspPostInit)
    HAL_TIM_OC_DelayElapsedCallback          0x0800704d   Thumb Code     2  stm32h7xx_hal_tim.o(i.HAL_TIM_OC_DelayElapsedCallback)
    HAL_TIM_PWM_ConfigChannel                0x0800704f   Thumb Code   360  stm32h7xx_hal_tim.o(i.HAL_TIM_PWM_ConfigChannel)
    HAL_TIM_PWM_Init                         0x080071b7   Thumb Code   110  stm32h7xx_hal_tim.o(i.HAL_TIM_PWM_Init)
    HAL_TIM_PWM_MspInit                      0x08007225   Thumb Code     2  stm32h7xx_hal_tim.o(i.HAL_TIM_PWM_MspInit)
    HAL_TIM_PWM_PulseFinishedCallback        0x08007227   Thumb Code     2  stm32h7xx_hal_tim.o(i.HAL_TIM_PWM_PulseFinishedCallback)
    HAL_TIM_PWM_Start                        0x08007229   Thumb Code   306  stm32h7xx_hal_tim.o(i.HAL_TIM_PWM_Start)
    HAL_TIM_PeriodElapsedCallback            0x08007385   Thumb Code     2  stm32h7xx_hal_tim.o(i.HAL_TIM_PeriodElapsedCallback)
    HAL_TIM_TriggerCallback                  0x08007387   Thumb Code     2  stm32h7xx_hal_tim.o(i.HAL_TIM_TriggerCallback)
    HAL_UARTEx_DisableFifoMode               0x08007389   Thumb Code    78  stm32h7xx_hal_uart_ex.o(i.HAL_UARTEx_DisableFifoMode)
    HAL_UARTEx_RxEventCallback               0x080073d7   Thumb Code     2  stm32h7xx_hal_uart.o(i.HAL_UARTEx_RxEventCallback)
    HAL_UARTEx_RxFifoFullCallback            0x080073d9   Thumb Code     2  stm32h7xx_hal_uart_ex.o(i.HAL_UARTEx_RxFifoFullCallback)
    HAL_UARTEx_SetRxFifoThreshold            0x080073db   Thumb Code    94  stm32h7xx_hal_uart_ex.o(i.HAL_UARTEx_SetRxFifoThreshold)
    HAL_UARTEx_SetTxFifoThreshold            0x08007439   Thumb Code    94  stm32h7xx_hal_uart_ex.o(i.HAL_UARTEx_SetTxFifoThreshold)
    HAL_UARTEx_TxFifoEmptyCallback           0x08007497   Thumb Code     2  stm32h7xx_hal_uart_ex.o(i.HAL_UARTEx_TxFifoEmptyCallback)
    HAL_UARTEx_WakeupCallback                0x08007499   Thumb Code     2  stm32h7xx_hal_uart_ex.o(i.HAL_UARTEx_WakeupCallback)
    HAL_UART_ErrorCallback                   0x0800749b   Thumb Code     2  stm32h7xx_hal_uart.o(i.HAL_UART_ErrorCallback)
    HAL_UART_GetState                        0x0800749d   Thumb Code    16  stm32h7xx_hal_uart.o(i.HAL_UART_GetState)
    HAL_UART_IRQHandler                      0x080074ad   Thumb Code   960  stm32h7xx_hal_uart.o(i.HAL_UART_IRQHandler)
    HAL_UART_Init                            0x08007881   Thumb Code   120  stm32h7xx_hal_uart.o(i.HAL_UART_Init)
    HAL_UART_MspInit                         0x080078f9   Thumb Code   158  usart.o(i.HAL_UART_MspInit)
    HAL_UART_Receive_IT                      0x080079a5   Thumb Code    96  stm32h7xx_hal_uart.o(i.HAL_UART_Receive_IT)
    HAL_UART_RxCpltCallback                  0x08007a09   Thumb Code   120  usart.o(i.HAL_UART_RxCpltCallback)
    HAL_UART_TxCpltCallback                  0x08007a91   Thumb Code     2  stm32h7xx_hal_uart.o(i.HAL_UART_TxCpltCallback)
    HardFault_Handler                        0x08007a93   Thumb Code     4  stm32h7xx_it.o(i.HardFault_Handler)
    M1_Init                                  0x08007a99   Thumb Code    38  user_motor_init.o(i.M1_Init)
    MX_DCMI_Init                             0x08007ad5   Thumb Code    52  dcmi.o(i.MX_DCMI_Init)
    MX_DMA_Init                              0x08007b11   Thumb Code    48  dma.o(i.MX_DMA_Init)
    MX_FMC_Init                              0x08007b45   Thumb Code   112  fmc.o(i.MX_FMC_Init)
    MX_GPIO_Init                             0x08007bbd   Thumb Code   432  gpio.o(i.MX_GPIO_Init)
    MX_TIM15_Init                            0x08007d7d   Thumb Code   234  tim.o(i.MX_TIM15_Init)
    MX_TIM16_Init                            0x08007e71   Thumb Code    48  tim.o(i.MX_TIM16_Init)
    MX_TIM17_Init                            0x08007ea9   Thumb Code    48  tim.o(i.MX_TIM17_Init)
    MX_TIM1_Init                             0x08007ee1   Thumb Code   246  tim.o(i.MX_TIM1_Init)
    MX_TIM2_Init                             0x08007fe1   Thumb Code   122  tim.o(i.MX_TIM2_Init)
    MX_UART7_Init                            0x08008061   Thumb Code   108  usart.o(i.MX_UART7_Init)
    MemManage_Handler                        0x080080d9   Thumb Code     4  stm32h7xx_it.o(i.MemManage_Handler)
    Motor_Init                               0x080080dd   Thumb Code    10  user_motor_init.o(i.Motor_Init)
    NMI_Handler                              0x080080e7   Thumb Code     4  stm32h7xx_it.o(i.NMI_Handler)
    PendSV_Handler                           0x080080eb   Thumb Code     2  stm32h7xx_it.o(i.PendSV_Handler)
    PrintPID                                 0x080080ed   Thumb Code   204  command.o(i.PrintPID)
    SDRAM_Initialization_Sequence            0x080084ed   Thumb Code    76  fmc.o(i.SDRAM_Initialization_Sequence)
    SDRAM_Send_Cmd                           0x0800853d   Thumb Code    68  fmc.o(i.SDRAM_Send_Cmd)
    SVC_Handler                              0x08008585   Thumb Code     2  stm32h7xx_it.o(i.SVC_Handler)
    Servo_1_Change_Angle                     0x08008589   Thumb Code    64  command.o(i.Servo_1_Change_Angle)
    SysTick_Handler                          0x080085d5   Thumb Code     8  stm32h7xx_it.o(i.SysTick_Handler)
    SystemClock_Config                       0x080085dd   Thumb Code   196  main.o(i.SystemClock_Config)
    SystemInit                               0x080086a9   Thumb Code   220  system_stm32h7xx.o(i.SystemInit)
    TIM15_User_Init                          0x080087ad   Thumb Code    32  user_tim_init.o(i.TIM15_User_Init)
    TIM16_IRQHandler                         0x080087d5   Thumb Code    16  stm32h7xx_it.o(i.TIM16_IRQHandler)
    TIM16_User_Init                          0x080087ed   Thumb Code    12  user_tim_init.o(i.TIM16_User_Init)
    TIM17_IRQHandler                         0x080087fd   Thumb Code    20  stm32h7xx_it.o(i.TIM17_IRQHandler)
    TIM17_User_Init                          0x08008819   Thumb Code    12  user_tim_init.o(i.TIM17_User_Init)
    TIM1_User_Init                           0x08008829   Thumb Code    44  user_tim_init.o(i.TIM1_User_Init)
    TIM2_User_Init                           0x0800885d   Thumb Code    14  user_tim_init.o(i.TIM2_User_Init)
    TIM_Base_SetConfig                       0x08008871   Thumb Code   170  stm32h7xx_hal_tim.o(i.TIM_Base_SetConfig)
    TIM_CCxChannelCmd                        0x0800893d   Thumb Code    34  stm32h7xx_hal_tim.o(i.TIM_CCxChannelCmd)
    TIM_ETR_SetConfig                        0x0800895f   Thumb Code    22  stm32h7xx_hal_tim.o(i.TIM_ETR_SetConfig)
    TIM_OC2_SetConfig                        0x08008a39   Thumb Code   156  stm32h7xx_hal_tim.o(i.TIM_OC2_SetConfig)
    UART7_IRQHandler                         0x08008d35   Thumb Code    66  stm32h7xx_it.o(i.UART7_IRQHandler)
    UART_AdvFeatureConfig                    0x08008ddd   Thumb Code   248  stm32h7xx_hal_uart.o(i.UART_AdvFeatureConfig)
    UART_CheckIdleState                      0x08008ed5   Thumb Code   118  stm32h7xx_hal_uart.o(i.UART_CheckIdleState)
    UART_SetConfig                           0x080093ad   Thumb Code  1404  stm32h7xx_hal_uart.o(i.UART_SetConfig)
    UART_Start_Receive_IT                    0x08009939   Thumb Code   256  stm32h7xx_hal_uart.o(i.UART_Start_Receive_IT)
    UART_WaitOnFlagUntilTimeout              0x08009a49   Thumb Code   190  stm32h7xx_hal_uart.o(i.UART_WaitOnFlagUntilTimeout)
    UsageFault_Handler                       0x08009b07   Thumb Code     4  stm32h7xx_it.o(i.UsageFault_Handler)
    __ARM_fpclassify                         0x08009b0b   Thumb Code    48  fpclassify.o(i.__ARM_fpclassify)
    _is_digit                                0x08009b75   Thumb Code    14  __printf_wp.o(i._is_digit)
    direct_command_0x01                      0x08009b85   Thumb Code   122  command.o(i.direct_command_0x01)
    fputc                                    0x08009c09   Thumb Code    24  usart.o(i.fputc)
    main                                     0x08009c25   Thumb Code    72  main.o(i.main)
    read_addr                                0x08009c71   Thumb Code     6  usmart.o(i.read_addr)
    read_addr_ext                            0x08009c77   Thumb Code     8  usmart_config.o(i.read_addr_ext)
    read_out                                 0x08009c81   Thumb Code    42  usmart_config.o(i.read_out)
    test_a                                   0x08009cbd   Thumb Code     6  usmart_config.o(i.test_a)
    usmart_cmd_rec                           0x08009cc5   Thumb Code   170  usmart.o(i.usmart_cmd_rec)
    usmart_exe                               0x08009d75   Thumb Code   576  usmart.o(i.usmart_exe)
    usmart_get_aparm                         0x08009ff1   Thumb Code   212  usmart_str.o(i.usmart_get_aparm)
    usmart_get_cmdname                       0x0800a0c5   Thumb Code    54  usmart_str.o(i.usmart_get_cmdname)
    usmart_get_fname                         0x0800a0fd   Thumb Code   440  usmart_str.o(i.usmart_get_fname)
    usmart_get_fparam                        0x0800a2bd   Thumb Code   262  usmart_str.o(i.usmart_get_fparam)
    usmart_get_parmpos                       0x0800a3c9   Thumb Code    26  usmart_str.o(i.usmart_get_parmpos)
    usmart_init                              0x0800a3e9   Thumb Code     8  usmart.o(i.usmart_init)
    usmart_pow                               0x0800a3f5   Thumb Code    22  usmart_str.o(i.usmart_pow)
    usmart_scan                              0x0800a40d   Thumb Code   122  usmart.o(i.usmart_scan)
    usmart_search_nextc                      0x0800a4e1   Thumb Code    22  usmart_str.o(i.usmart_search_nextc)
    usmart_str2num                           0x0800a4f7   Thumb Code   262  usmart_str.o(i.usmart_str2num)
    usmart_strcmp                            0x0800a5fd   Thumb Code    34  usmart_str.o(i.usmart_strcmp)
    usmart_strcopy                           0x0800a61f   Thumb Code    22  usmart_str.o(i.usmart_strcopy)
    usmart_strlen                            0x0800a635   Thumb Code    24  usmart_str.o(i.usmart_strlen)
    usmart_sys_cmd_exe                       0x0800a64d   Thumb Code  1338  usmart.o(i.usmart_sys_cmd_exe)
    write_addr                               0x0800abc1   Thumb Code     4  usmart.o(i.write_addr)
    write_in                                 0x0800abc5   Thumb Code    24  usmart_config.o(i.write_in)
    _get_lc_numeric                          0x0800abe5   Thumb Code    44  lc_numeric_c.o(locale$$code)
    _fp_init                                 0x0800ac11   Thumb Code    10  fpinit.o(x$fpl$fpinit)
    __fplib_config_fpu_vfp                   0x0800ac19   Thumb Code     0  fpinit.o(x$fpl$fpinit)
    __fplib_config_pureend_doubles           0x0800ac19   Thumb Code     0  fpinit.o(x$fpl$fpinit)
    _printf_fp_dec                           0x0800ac1b   Thumb Code     4  printf1.o(x$fpl$printf1)
    __I$use$fp                               0x0800ac1e   Number         0  usenofp.o(x$fpl$usenofp)
    UARTPrescTable                           0x0800ac26   Data          24  stm32h7xx_hal_uart.o(.constdata)
    D1CorePrescTable                         0x0800ac4e   Data          16  system_stm32h7xx.o(.constdata)
    __stdin_name                             0x0800ad2c   Data           4  sys_io.o(.constdata)
    __stdout_name                            0x0800ad30   Data           4  sys_io.o(.constdata)
    __stderr_name                            0x0800ad34   Data           4  sys_io.o(.constdata)
    Region$$Table$$Base                      0x0800b0cc   Number         0  anon$$obj.o(Region$$Table)
    Region$$Table$$Limit                     0x0800b0ec   Number         0  anon$$obj.o(Region$$Table)
    USART_RX_STA                             0x24000008   Data           2  usart.o(.data)
    aRxBuffer                                0x2400000a   Data           1  usart.o(.data)
    uwTick                                   0x2400000c   Data           4  stm32h7xx_hal.o(.data)
    uwTickPrio                               0x24000010   Data           4  stm32h7xx_hal.o(.data)
    uwTickFreq                               0x24000014   Data           1  stm32h7xx_hal.o(.data)
    SystemCoreClock                          0x24000018   Data           4  system_stm32h7xx.o(.data)
    SystemD2Clock                            0x2400001c   Data           4  system_stm32h7xx.o(.data)
    sys_cmd_tab                              0x24000020   Data          28  usmart.o(.data)
    usmart_nametab                           0x2400003c   Data          96  usmart_config.o(.data)
    usmart_dev                               0x2400009c   Data         244  usmart_config.o(.data)
    encoder_M1_count_last                    0x24000190   Data           4  encoder.o(.data)
    encoder_M1_count                         0x24000194   Data           4  encoder.o(.data)
    M1_speed                                 0x24000198   Data           4  encoder.o(.data)
    encoder_M1_count_per                     0x2400019c   Data           4  encoder.o(.data)
    __aeabi_stdin                            0x240001a8   Data           4  stdio_streams.o(.data)
    __aeabi_stdout                           0x240001ac   Data           4  stdio_streams.o(.data)
    __aeabi_stderr                           0x240001b0   Data           4  stdio_streams.o(.data)
    hdcmi                                    0x240001b4   Data          80  dcmi.o(.bss)
    hdma_dcmi                                0x24000204   Data         120  dcmi.o(.bss)
    hsdram1                                  0x2400027c   Data          52  fmc.o(.bss)
    htim1                                    0x240002b0   Data          76  tim.o(.bss)
    htim2                                    0x240002fc   Data          76  tim.o(.bss)
    htim15                                   0x24000348   Data          76  tim.o(.bss)
    htim16                                   0x24000394   Data          76  tim.o(.bss)
    htim17                                   0x240003e0   Data          76  tim.o(.bss)
    USART_RX_BUF                             0x2400042c   Data         200  usart.o(.bss)
    huart7                                   0x240004f4   Data         144  usart.o(.bss)
    M1                                       0x24000584   Data          48  user_motor_init.o(.bss)
    __stdin                                  0x240005b4   Data          84  stdio_streams.o(.bss)
    __stdout                                 0x24000608   Data          84  stdio_streams.o(.bss)
    __stderr                                 0x2400065c   Data          84  stdio_streams.o(.bss)
    __libspace_start                         0x240006b0   Data          96  libspace.o(.bss)
    __temporary_stack_top$libspace           0x24000710   Data           0  libspace.o(.bss)
    ext                                      0xc0000000   Data       1000000  fmc.o(.ARM.__AT_0xC0000000)



==============================================================================

Memory Map of the image

  Image Entry point : 0x08000299

  Load Region LR_IROM1 (Base: 0x08000000, Size: 0x0000b2bc, Max: 0x00020000, ABSOLUTE, COMPRESSED[0x0000b190])

    Execution Region ER_IROM1 (Exec base: 0x08000000, Load base: 0x08000000, Size: 0x0000b108, Max: 0x00020000, ABSOLUTE)

    Exec Addr    Load Addr    Size         Type   Attr      Idx    E Section Name        Object

    0x08000000   0x08000000   0x00000298   Data   RO            3    RESET               startup_stm32h750xx.o
    0x08000298   0x08000298   0x00000008   Code   RO         5865  * !!!main             c_w.l(__main.o)
    0x080002a0   0x080002a0   0x00000034   Code   RO         6250    !!!scatter          c_w.l(__scatter.o)
    0x080002d4   0x080002d4   0x0000005a   Code   RO         6248    !!dczerorl2         c_w.l(__dczerorl2.o)
    0x0800032e   0x0800032e   0x00000002   PAD
    0x08000330   0x08000330   0x0000001c   Code   RO         6252    !!handler_zi        c_w.l(__scatter_zi.o)
    0x0800034c   0x0800034c   0x00000000   Code   RO         5860    .ARM.Collect$$_printf_percent$$00000000  c_w.l(_printf_percent.o)
    0x0800034c   0x0800034c   0x00000006   Code   RO         5859    .ARM.Collect$$_printf_percent$$00000003  c_w.l(_printf_f.o)
    0x08000352   0x08000352   0x00000006   Code   RO         5857    .ARM.Collect$$_printf_percent$$00000009  c_w.l(_printf_d.o)
    0x08000358   0x08000358   0x00000006   Code   RO         5858    .ARM.Collect$$_printf_percent$$0000000A  c_w.l(_printf_u.o)
    0x0800035e   0x0800035e   0x00000006   Code   RO         5856    .ARM.Collect$$_printf_percent$$0000000C  c_w.l(_printf_x.o)
    0x08000364   0x08000364   0x00000006   Code   RO         5854    .ARM.Collect$$_printf_percent$$00000013  c_w.l(_printf_c.o)
    0x0800036a   0x0800036a   0x00000006   Code   RO         5855    .ARM.Collect$$_printf_percent$$00000014  c_w.l(_printf_s.o)
    0x08000370   0x08000370   0x00000004   Code   RO         5882    .ARM.Collect$$_printf_percent$$00000017  c_w.l(_printf_percent_end.o)
    0x08000374   0x08000374   0x00000002   Code   RO         6056    .ARM.Collect$$libinit$$00000000  c_w.l(libinit.o)
    0x08000376   0x08000376   0x00000004   Code   RO         6057    .ARM.Collect$$libinit$$00000001  c_w.l(libinit2.o)
    0x0800037a   0x0800037a   0x00000000   Code   RO         6060    .ARM.Collect$$libinit$$00000004  c_w.l(libinit2.o)
    0x0800037a   0x0800037a   0x00000008   Code   RO         6061    .ARM.Collect$$libinit$$00000005  c_w.l(libinit2.o)
    0x08000382   0x08000382   0x00000000   Code   RO         6063    .ARM.Collect$$libinit$$0000000A  c_w.l(libinit2.o)
    0x08000382   0x08000382   0x00000000   Code   RO         6065    .ARM.Collect$$libinit$$0000000C  c_w.l(libinit2.o)
    0x08000382   0x08000382   0x00000000   Code   RO         6067    .ARM.Collect$$libinit$$0000000E  c_w.l(libinit2.o)
    0x08000382   0x08000382   0x00000006   Code   RO         6068    .ARM.Collect$$libinit$$0000000F  c_w.l(libinit2.o)
    0x08000388   0x08000388   0x00000000   Code   RO         6070    .ARM.Collect$$libinit$$00000011  c_w.l(libinit2.o)
    0x08000388   0x08000388   0x00000000   Code   RO         6072    .ARM.Collect$$libinit$$00000013  c_w.l(libinit2.o)
    0x08000388   0x08000388   0x00000000   Code   RO         6074    .ARM.Collect$$libinit$$00000015  c_w.l(libinit2.o)
    0x08000388   0x08000388   0x0000000a   Code   RO         6075    .ARM.Collect$$libinit$$00000016  c_w.l(libinit2.o)
    0x08000392   0x08000392   0x00000000   Code   RO         6076    .ARM.Collect$$libinit$$00000017  c_w.l(libinit2.o)
    0x08000392   0x08000392   0x00000000   Code   RO         6078    .ARM.Collect$$libinit$$00000019  c_w.l(libinit2.o)
    0x08000392   0x08000392   0x00000000   Code   RO         6080    .ARM.Collect$$libinit$$0000001B  c_w.l(libinit2.o)
    0x08000392   0x08000392   0x00000000   Code   RO         6082    .ARM.Collect$$libinit$$0000001D  c_w.l(libinit2.o)
    0x08000392   0x08000392   0x00000000   Code   RO         6084    .ARM.Collect$$libinit$$0000001F  c_w.l(libinit2.o)
    0x08000392   0x08000392   0x00000000   Code   RO         6086    .ARM.Collect$$libinit$$00000021  c_w.l(libinit2.o)
    0x08000392   0x08000392   0x00000000   Code   RO         6088    .ARM.Collect$$libinit$$00000023  c_w.l(libinit2.o)
    0x08000392   0x08000392   0x00000004   Code   RO         6089    .ARM.Collect$$libinit$$00000024  c_w.l(libinit2.o)
    0x08000396   0x08000396   0x00000000   Code   RO         6090    .ARM.Collect$$libinit$$00000025  c_w.l(libinit2.o)
    0x08000396   0x08000396   0x00000000   Code   RO         6094    .ARM.Collect$$libinit$$0000002C  c_w.l(libinit2.o)
    0x08000396   0x08000396   0x00000000   Code   RO         6096    .ARM.Collect$$libinit$$0000002E  c_w.l(libinit2.o)
    0x08000396   0x08000396   0x00000000   Code   RO         6098    .ARM.Collect$$libinit$$00000030  c_w.l(libinit2.o)
    0x08000396   0x08000396   0x00000000   Code   RO         6100    .ARM.Collect$$libinit$$00000032  c_w.l(libinit2.o)
    0x08000396   0x08000396   0x00000002   Code   RO         6101    .ARM.Collect$$libinit$$00000033  c_w.l(libinit2.o)
    0x08000398   0x08000398   0x00000002   Code   RO         6229    .ARM.Collect$$libshutdown$$00000000  c_w.l(libshutdown.o)
    0x0800039a   0x0800039a   0x00000000   Code   RO         6103    .ARM.Collect$$libshutdown$$00000002  c_w.l(libshutdown2.o)
    0x0800039a   0x0800039a   0x00000000   Code   RO         6105    .ARM.Collect$$libshutdown$$00000004  c_w.l(libshutdown2.o)
    0x0800039a   0x0800039a   0x00000004   Code   RO         6106    .ARM.Collect$$libshutdown$$00000005  c_w.l(libshutdown2.o)
    0x0800039e   0x0800039e   0x00000000   Code   RO         6107    .ARM.Collect$$libshutdown$$00000006  c_w.l(libshutdown2.o)
    0x0800039e   0x0800039e   0x00000000   Code   RO         6110    .ARM.Collect$$libshutdown$$00000009  c_w.l(libshutdown2.o)
    0x0800039e   0x0800039e   0x00000000   Code   RO         6113    .ARM.Collect$$libshutdown$$0000000C  c_w.l(libshutdown2.o)
    0x0800039e   0x0800039e   0x00000000   Code   RO         6115    .ARM.Collect$$libshutdown$$0000000E  c_w.l(libshutdown2.o)
    0x0800039e   0x0800039e   0x00000000   Code   RO         6118    .ARM.Collect$$libshutdown$$00000011  c_w.l(libshutdown2.o)
    0x0800039e   0x0800039e   0x00000002   Code   RO         6119    .ARM.Collect$$libshutdown$$00000012  c_w.l(libshutdown2.o)
    0x080003a0   0x080003a0   0x00000000   Code   RO         5869    .ARM.Collect$$rtentry$$00000000  c_w.l(__rtentry.o)
    0x080003a0   0x080003a0   0x00000000   Code   RO         5890    .ARM.Collect$$rtentry$$00000002  c_w.l(__rtentry2.o)
    0x080003a0   0x080003a0   0x00000006   Code   RO         5902    .ARM.Collect$$rtentry$$00000004  c_w.l(__rtentry4.o)
    0x080003a6   0x080003a6   0x00000000   Code   RO         5892    .ARM.Collect$$rtentry$$00000009  c_w.l(__rtentry2.o)
    0x080003a6   0x080003a6   0x00000004   Code   RO         5893    .ARM.Collect$$rtentry$$0000000A  c_w.l(__rtentry2.o)
    0x080003aa   0x080003aa   0x00000000   Code   RO         5895    .ARM.Collect$$rtentry$$0000000C  c_w.l(__rtentry2.o)
    0x080003aa   0x080003aa   0x00000008   Code   RO         5896    .ARM.Collect$$rtentry$$0000000D  c_w.l(__rtentry2.o)
    0x080003b2   0x080003b2   0x00000002   Code   RO         6123    .ARM.Collect$$rtexit$$00000000  c_w.l(rtexit.o)
    0x080003b4   0x080003b4   0x00000000   Code   RO         6175    .ARM.Collect$$rtexit$$00000002  c_w.l(rtexit2.o)
    0x080003b4   0x080003b4   0x00000004   Code   RO         6176    .ARM.Collect$$rtexit$$00000003  c_w.l(rtexit2.o)
    0x080003b8   0x080003b8   0x00000006   Code   RO         6177    .ARM.Collect$$rtexit$$00000004  c_w.l(rtexit2.o)
    0x080003be   0x080003be   0x00000002   PAD
    0x080003c0   0x080003c0   0x00000000   Code   RO         6181    .emb_text           c_w.l(maybetermalloc1.o)
    0x080003c0   0x080003c0   0x00000040   Code   RO            4    .text               startup_stm32h750xx.o
    0x08000400   0x08000400   0x000000ee   Code   RO         5799    .text               c_w.l(lludivv7m.o)
    0x080004ee   0x080004ee   0x00000002   PAD
    0x080004f0   0x080004f0   0x00000018   Code   RO         5803    .text               c_w.l(noretval__2printf.o)
    0x08000508   0x08000508   0x0000004e   Code   RO         5807    .text               c_w.l(_printf_pad.o)
    0x08000556   0x08000556   0x00000052   Code   RO         5809    .text               c_w.l(_printf_str.o)
    0x080005a8   0x080005a8   0x00000078   Code   RO         5811    .text               c_w.l(_printf_dec.o)
    0x08000620   0x08000620   0x00000058   Code   RO         5816    .text               c_w.l(_printf_hex_int.o)
    0x08000678   0x08000678   0x00000188   Code   RO         5851    .text               c_w.l(__printf_flags_ss_wp.o)
    0x08000800   0x08000800   0x0000004e   Code   RO         5861    .text               c_w.l(rt_memclr_w.o)
    0x0800084e   0x0800084e   0x00000006   Code   RO         5863    .text               c_w.l(heapauxi.o)
    0x08000854   0x08000854   0x000000b2   Code   RO         5874    .text               c_w.l(_printf_intcommon.o)
    0x08000906   0x08000906   0x0000041e   Code   RO         5876    .text               c_w.l(_printf_fp_dec.o)
    0x08000d24   0x08000d24   0x0000002c   Code   RO         5878    .text               c_w.l(_printf_char.o)
    0x08000d50   0x08000d50   0x00000024   Code   RO         5880    .text               c_w.l(_printf_char_file.o)
    0x08000d74   0x08000d74   0x00000008   Code   RO         5909    .text               c_w.l(rt_locale_intlibspace.o)
    0x08000d7c   0x08000d7c   0x0000008a   Code   RO         5911    .text               c_w.l(lludiv10.o)
    0x08000e06   0x08000e06   0x00000002   PAD
    0x08000e08   0x08000e08   0x00000030   Code   RO         5913    .text               c_w.l(_printf_char_common.o)
    0x08000e38   0x08000e38   0x00000080   Code   RO         5915    .text               c_w.l(_printf_fp_infnan.o)
    0x08000eb8   0x08000eb8   0x000000e4   Code   RO         5917    .text               c_w.l(bigflt0.o)
    0x08000f9c   0x08000f9c   0x00000008   Code   RO         5942    .text               c_w.l(ferror.o)
    0x08000fa4   0x08000fa4   0x00000138   Code   RO         5944    .text               c_w.l(initio.o)
    0x080010dc   0x080010dc   0x00000066   Code   RO         5958    .text               c_w.l(sys_io.o)
    0x08001142   0x08001142   0x00000002   PAD
    0x08001144   0x08001144   0x00000008   Code   RO         5963    .text               c_w.l(libspace.o)
    0x0800114c   0x0800114c   0x0000004a   Code   RO         5968    .text               c_w.l(sys_stackheap_outer.o)
    0x08001196   0x08001196   0x0000004e   Code   RO         5972    .text               c_w.l(h1_free.o)
    0x080011e4   0x080011e4   0x00000046   Code   RO         6028    .text               c_w.l(setvbuf.o)
    0x0800122a   0x0800122a   0x00000002   PAD
    0x0800122c   0x0800122c   0x000000ec   Code   RO         6031    .text               c_w.l(fopen.o)
    0x08001318   0x08001318   0x0000004c   Code   RO         6033    .text               c_w.l(fclose.o)
    0x08001364   0x08001364   0x00000012   Code   RO         6039    .text               c_w.l(exit.o)
    0x08001376   0x08001376   0x0000000e   Code   RO         6045    .text               c_w.l(defsig_rtred_outer.o)
    0x08001384   0x08001384   0x00000068   Code   RO         6049    .text               c_w.l(strcmpv7m_pel.o)
    0x080013ec   0x080013ec   0x00000002   Code   RO         6120    .text               c_w.l(use_no_semi.o)
    0x080013ee   0x080013ee   0x00000000   Code   RO         6122    .text               c_w.l(indicate_semi.o)
    0x080013ee   0x080013ee   0x00000002   PAD
    0x080013f0   0x080013f0   0x00000008   Code   RO         6130    .text               c_w.l(rt_heap_descriptor_intlibspace.o)
    0x080013f8   0x080013f8   0x00000004   Code   RO         6132    .text               c_w.l(hguard.o)
    0x080013fc   0x080013fc   0x0000008a   Code   RO         6134    .text               c_w.l(init_alloc.o)
    0x08001486   0x08001486   0x0000005e   Code   RO         6140    .text               c_w.l(h1_alloc.o)
    0x080014e4   0x080014e4   0x000000f8   Code   RO         6154    .text               c_w.l(fseek.o)
    0x080015dc   0x080015dc   0x000000f0   Code   RO         6156    .text               c_w.l(stdio.o)
    0x080016cc   0x080016cc   0x0000000a   Code   RO         6158    .text               c_w.l(defsig_exit.o)
    0x080016d6   0x080016d6   0x00000002   PAD
    0x080016d8   0x080016d8   0x00000034   Code   RO         6162    .text               c_w.l(defsig_rtred_inner.o)
    0x0800170c   0x0800170c   0x0000003e   Code   RO         6164    .text               c_w.l(strlen.o)
    0x0800174a   0x0800174a   0x00000002   PAD
    0x0800174c   0x0800174c   0x0000000c   Code   RO         6172    .text               c_w.l(sys_exit.o)
    0x08001758   0x08001758   0x0000000e   Code   RO         6183    .text               c_w.l(h1_init.o)
    0x08001766   0x08001766   0x00000034   Code   RO         6185    .text               c_w.l(h1_extend.o)
    0x0800179a   0x0800179a   0x00000042   Code   RO         6191    .text               c_w.l(ftell.o)
    0x080017dc   0x080017dc   0x00000032   Code   RO         6195    .text               c_w.l(defsig_general.o)
    0x0800180e   0x0800180e   0x0000000e   Code   RO         6197    .text               c_w.l(defsig_rtmem_outer.o)
    0x0800181c   0x0800181c   0x0000000e   Code   RO         6210    .text               c_w.l(sys_wrch.o)
    0x0800182a   0x0800182a   0x00000002   PAD
    0x0800182c   0x0800182c   0x00000008   Code   RO         6217    .text               c_w.l(rt_errno_addr_intlibspace.o)
    0x08001834   0x08001834   0x00000050   Code   RO         6223    .text               c_w.l(defsig_rtmem_inner.o)
    0x08001884   0x08001884   0x0000003e   Code   RO         5920    CL$$btod_d2e        c_w.l(btod.o)
    0x080018c2   0x080018c2   0x00000046   Code   RO         5922    CL$$btod_d2e_denorm_low  c_w.l(btod.o)
    0x08001908   0x08001908   0x00000060   Code   RO         5921    CL$$btod_d2e_norm_op1  c_w.l(btod.o)
    0x08001968   0x08001968   0x00000338   Code   RO         5930    CL$$btod_div_common  c_w.l(btod.o)
    0x08001ca0   0x08001ca0   0x000000dc   Code   RO         5927    CL$$btod_e2e        c_w.l(btod.o)
    0x08001d7c   0x08001d7c   0x0000002a   Code   RO         5924    CL$$btod_ediv       c_w.l(btod.o)
    0x08001da6   0x08001da6   0x0000002a   Code   RO         5923    CL$$btod_emul       c_w.l(btod.o)
    0x08001dd0   0x08001dd0   0x00000244   Code   RO         5929    CL$$btod_mult_common  c_w.l(btod.o)
    0x08002014   0x08002014   0x00000004   Code   RO          517    i.BusFault_Handler  stm32h7xx_it.o
    0x08002018   0x08002018   0x0000004c   Code   RO         5585    i.Change_M1_PID     command.o
    0x08002064   0x08002064   0x00000024   Code   RO         5586    i.Change_M1_Spd     command.o
    0x08002088   0x08002088   0x00000024   Code   RO          797    i.DCMI_DMAError     stm32h7xx_hal_dcmi.o
    0x080020ac   0x080020ac   0x00000010   Code   RO          518    i.DCMI_IRQHandler   stm32h7xx_it.o
    0x080020bc   0x080020bc   0x00000010   Code   RO          519    i.DMA1_Stream0_IRQHandler  stm32h7xx_it.o
    0x080020cc   0x080020cc   0x000000ec   Code   RO         1639    i.DMA_CalcBaseAndBitshift  stm32h7xx_hal_dma.o
    0x080021b8   0x080021b8   0x000000c4   Code   RO         1640    i.DMA_CalcDMAMUXChannelBaseAndMask  stm32h7xx_hal_dma.o
    0x0800227c   0x0800227c   0x00000098   Code   RO         1641    i.DMA_CalcDMAMUXRequestGenBaseAndMask  stm32h7xx_hal_dma.o
    0x08002314   0x08002314   0x000000ae   Code   RO         1642    i.DMA_CheckFifoParam  stm32h7xx_hal_dma.o
    0x080023c2   0x080023c2   0x00000002   Code   RO          520    i.DebugMon_Handler  stm32h7xx_it.o
    0x080023c4   0x080023c4   0x000000f4   Code   RO         5775    i.Delta_PID         pid.o
    0x080024b8   0x080024b8   0x00000006   Code   RO           13    i.Error_Handler     main.o
    0x080024be   0x080024be   0x0000006c   Code   RO         3261    i.FMC_SDRAM_Init    stm32h7xx_ll_fmc.o
    0x0800252a   0x0800252a   0x00000014   Code   RO         3262    i.FMC_SDRAM_ProgramRefreshRate  stm32h7xx_ll_fmc.o
    0x0800253e   0x0800253e   0x00000026   Code   RO         3263    i.FMC_SDRAM_SendCommand  stm32h7xx_ll_fmc.o
    0x08002564   0x08002564   0x00000094   Code   RO         3265    i.FMC_SDRAM_Timing_Init  stm32h7xx_ll_fmc.o
    0x080025f8   0x080025f8   0x00000034   Code   RO         5587    i.Get_Current_Spd   command.o
    0x0800262c   0x0800262c   0x00000098   Code   RO         5745    i.Get_M1_SPD        encoder.o
    0x080026c4   0x080026c4   0x00000002   Code   RO          804    i.HAL_DCMI_ErrorCallback  stm32h7xx_hal_dcmi.o
    0x080026c6   0x080026c6   0x00000002   Code   RO          805    i.HAL_DCMI_FrameEventCallback  stm32h7xx_hal_dcmi.o
    0x080026c8   0x080026c8   0x000000b4   Code   RO          808    i.HAL_DCMI_IRQHandler  stm32h7xx_hal_dcmi.o
    0x0800277c   0x0800277c   0x000000a0   Code   RO          809    i.HAL_DCMI_Init     stm32h7xx_hal_dcmi.o
    0x0800281c   0x0800281c   0x00000002   Code   RO          810    i.HAL_DCMI_LineEventCallback  stm32h7xx_hal_dcmi.o
    0x0800281e   0x0800281e   0x00000002   PAD
    0x08002820   0x08002820   0x0000018c   Code   RO          244    i.HAL_DCMI_MspInit  dcmi.o
    0x080029ac   0x080029ac   0x00000002   Code   RO          817    i.HAL_DCMI_VsyncEventCallback  stm32h7xx_hal_dcmi.o
    0x080029ae   0x080029ae   0x00000002   PAD
    0x080029b0   0x080029b0   0x000004dc   Code   RO         1644    i.HAL_DMA_Abort     stm32h7xx_hal_dma.o
    0x08002e8c   0x08002e8c   0x00000398   Code   RO         1645    i.HAL_DMA_Abort_IT  stm32h7xx_hal_dma.o
    0x08003224   0x08003224   0x00000af8   Code   RO         1649    i.HAL_DMA_IRQHandler  stm32h7xx_hal_dma.o
    0x08003d1c   0x08003d1c   0x00000520   Code   RO         1650    i.HAL_DMA_Init      stm32h7xx_hal_dma.o
    0x0800423c   0x0800423c   0x00000028   Code   RO         2353    i.HAL_Delay         stm32h7xx_hal.o
    0x08004264   0x08004264   0x00000150   Code   RO          310    i.HAL_FMC_MspInit   fmc.o
    0x080043b4   0x080043b4   0x00000208   Code   RO         1492    i.HAL_GPIO_Init     stm32h7xx_hal_gpio.o
    0x080045bc   0x080045bc   0x00000014   Code   RO         1495    i.HAL_GPIO_TogglePin  stm32h7xx_hal_gpio.o
    0x080045d0   0x080045d0   0x0000000c   Code   RO         1496    i.HAL_GPIO_WritePin  stm32h7xx_hal_gpio.o
    0x080045dc   0x080045dc   0x0000000c   Code   RO         2364    i.HAL_GetREVID      stm32h7xx_hal.o
    0x080045e8   0x080045e8   0x0000000c   Code   RO         2365    i.HAL_GetTick       stm32h7xx_hal.o
    0x080045f4   0x080045f4   0x00000018   Code   RO         2371    i.HAL_IncTick       stm32h7xx_hal.o
    0x0800460c   0x0800460c   0x00000060   Code   RO         2372    i.HAL_Init          stm32h7xx_hal.o
    0x0800466c   0x0800466c   0x00000058   Code   RO         2373    i.HAL_InitTick      stm32h7xx_hal.o
    0x080046c4   0x080046c4   0x0000002c   Code   RO          627    i.HAL_MspInit       stm32h7xx_hal_msp.o
    0x080046f0   0x080046f0   0x00000028   Code   RO          657    i.HAL_NVIC_EnableIRQ  stm32h7xx_hal_cortex.o
    0x08004718   0x08004718   0x0000007a   Code   RO          663    i.HAL_NVIC_SetPriority  stm32h7xx_hal_cortex.o
    0x08004792   0x08004792   0x00000002   PAD
    0x08004794   0x08004794   0x00000028   Code   RO          664    i.HAL_NVIC_SetPriorityGrouping  stm32h7xx_hal_cortex.o
    0x080047bc   0x080047bc   0x00000060   Code   RO         2093    i.HAL_PWREx_ConfigSupply  stm32h7xx_hal_pwr_ex.o
    0x0800481c   0x0800481c   0x00000024   Code   RO         1055    i.HAL_RCCEx_GetD3PCLK1Freq  stm32h7xx_hal_rcc_ex.o
    0x08004840   0x08004840   0x00000230   Code   RO         1057    i.HAL_RCCEx_GetPLL2ClockFreq  stm32h7xx_hal_rcc_ex.o
    0x08004a70   0x08004a70   0x00000230   Code   RO         1058    i.HAL_RCCEx_GetPLL3ClockFreq  stm32h7xx_hal_rcc_ex.o
    0x08004ca0   0x08004ca0   0x00000b64   Code   RO         1064    i.HAL_RCCEx_PeriphCLKConfig  stm32h7xx_hal_rcc_ex.o
    0x08005804   0x08005804   0x00000320   Code   RO          940    i.HAL_RCC_ClockConfig  stm32h7xx_hal_rcc.o
    0x08005b24   0x08005b24   0x0000004c   Code   RO          945    i.HAL_RCC_GetHCLKFreq  stm32h7xx_hal_rcc.o
    0x08005b70   0x08005b70   0x00000024   Code   RO          947    i.HAL_RCC_GetPCLK1Freq  stm32h7xx_hal_rcc.o
    0x08005b94   0x08005b94   0x00000024   Code   RO          948    i.HAL_RCC_GetPCLK2Freq  stm32h7xx_hal_rcc.o
    0x08005bb8   0x08005bb8   0x0000022c   Code   RO          949    i.HAL_RCC_GetSysClockFreq  stm32h7xx_hal_rcc.o
    0x08005de4   0x08005de4   0x000007e4   Code   RO          952    i.HAL_RCC_OscConfig  stm32h7xx_hal_rcc.o
    0x080065c8   0x080065c8   0x00000050   Code   RO         3402    i.HAL_SDRAM_Init    stm32h7xx_hal_sdram.o
    0x08006618   0x08006618   0x0000000a   Code   RO          312    i.HAL_SDRAM_MspInit  fmc.o
    0x08006622   0x08006622   0x00000036   Code   RO         3405    i.HAL_SDRAM_ProgramRefreshRate  stm32h7xx_hal_sdram.o
    0x08006658   0x08006658   0x0000004e   Code   RO         3411    i.HAL_SDRAM_SendCommand  stm32h7xx_hal_sdram.o
    0x080066a6   0x080066a6   0x00000034   Code   RO          668    i.HAL_SYSTICK_Config  stm32h7xx_hal_cortex.o
    0x080066da   0x080066da   0x00000002   Code   RO         4294    i.HAL_TIMEx_Break2Callback  stm32h7xx_hal_tim_ex.o
    0x080066dc   0x080066dc   0x00000002   Code   RO         4295    i.HAL_TIMEx_BreakCallback  stm32h7xx_hal_tim_ex.o
    0x080066de   0x080066de   0x00000002   Code   RO         4296    i.HAL_TIMEx_CommutCallback  stm32h7xx_hal_tim_ex.o
    0x080066e0   0x080066e0   0x000000b4   Code   RO         4298    i.HAL_TIMEx_ConfigBreakDeadTime  stm32h7xx_hal_tim_ex.o
    0x08006794   0x08006794   0x000000c0   Code   RO         4316    i.HAL_TIMEx_MasterConfigSynchronization  stm32h7xx_hal_tim_ex.o
    0x08006854   0x08006854   0x0000006e   Code   RO         3569    i.HAL_TIM_Base_Init  stm32h7xx_hal_tim.o
    0x080068c2   0x080068c2   0x00000002   PAD
    0x080068c4   0x080068c4   0x000000cc   Code   RO          376    i.HAL_TIM_Base_MspInit  tim.o
    0x08006990   0x08006990   0x000000a8   Code   RO         3574    i.HAL_TIM_Base_Start_IT  stm32h7xx_hal_tim.o
    0x08006a38   0x08006a38   0x00000130   Code   RO         3578    i.HAL_TIM_ConfigClockSource  stm32h7xx_hal_tim.o
    0x08006b68   0x08006b68   0x000000cc   Code   RO         3590    i.HAL_TIM_Encoder_Init  stm32h7xx_hal_tim.o
    0x08006c34   0x08006c34   0x000000b4   Code   RO          378    i.HAL_TIM_Encoder_MspInit  tim.o
    0x08006ce8   0x08006ce8   0x000000cc   Code   RO         3593    i.HAL_TIM_Encoder_Start  stm32h7xx_hal_tim.o
    0x08006db4   0x08006db4   0x00000002   Code   RO         3603    i.HAL_TIM_IC_CaptureCallback  stm32h7xx_hal_tim.o
    0x08006db6   0x08006db6   0x000001b8   Code   RO         3617    i.HAL_TIM_IRQHandler  stm32h7xx_hal_tim.o
    0x08006f6e   0x08006f6e   0x00000002   PAD
    0x08006f70   0x08006f70   0x000000dc   Code   RO          379    i.HAL_TIM_MspPostInit  tim.o
    0x0800704c   0x0800704c   0x00000002   Code   RO         3620    i.HAL_TIM_OC_DelayElapsedCallback  stm32h7xx_hal_tim.o
    0x0800704e   0x0800704e   0x00000168   Code   RO         3641    i.HAL_TIM_PWM_ConfigChannel  stm32h7xx_hal_tim.o
    0x080071b6   0x080071b6   0x0000006e   Code   RO         3644    i.HAL_TIM_PWM_Init  stm32h7xx_hal_tim.o
    0x08007224   0x08007224   0x00000002   Code   RO         3646    i.HAL_TIM_PWM_MspInit  stm32h7xx_hal_tim.o
    0x08007226   0x08007226   0x00000002   Code   RO         3647    i.HAL_TIM_PWM_PulseFinishedCallback  stm32h7xx_hal_tim.o
    0x08007228   0x08007228   0x0000015c   Code   RO         3649    i.HAL_TIM_PWM_Start  stm32h7xx_hal_tim.o
    0x08007384   0x08007384   0x00000002   Code   RO         3655    i.HAL_TIM_PeriodElapsedCallback  stm32h7xx_hal_tim.o
    0x08007386   0x08007386   0x00000002   Code   RO         3660    i.HAL_TIM_TriggerCallback  stm32h7xx_hal_tim.o
    0x08007388   0x08007388   0x0000004e   Code   RO         5010    i.HAL_UARTEx_DisableFifoMode  stm32h7xx_hal_uart_ex.o
    0x080073d6   0x080073d6   0x00000002   Code   RO         4594    i.HAL_UARTEx_RxEventCallback  stm32h7xx_hal_uart.o
    0x080073d8   0x080073d8   0x00000002   Code   RO         5017    i.HAL_UARTEx_RxFifoFullCallback  stm32h7xx_hal_uart_ex.o
    0x080073da   0x080073da   0x0000005e   Code   RO         5018    i.HAL_UARTEx_SetRxFifoThreshold  stm32h7xx_hal_uart_ex.o
    0x08007438   0x08007438   0x0000005e   Code   RO         5019    i.HAL_UARTEx_SetTxFifoThreshold  stm32h7xx_hal_uart_ex.o
    0x08007496   0x08007496   0x00000002   Code   RO         5021    i.HAL_UARTEx_TxFifoEmptyCallback  stm32h7xx_hal_uart_ex.o
    0x08007498   0x08007498   0x00000002   Code   RO         5022    i.HAL_UARTEx_WakeupCallback  stm32h7xx_hal_uart_ex.o
    0x0800749a   0x0800749a   0x00000002   Code   RO         4610    i.HAL_UART_ErrorCallback  stm32h7xx_hal_uart.o
    0x0800749c   0x0800749c   0x00000010   Code   RO         4612    i.HAL_UART_GetState  stm32h7xx_hal_uart.o
    0x080074ac   0x080074ac   0x000003d4   Code   RO         4613    i.HAL_UART_IRQHandler  stm32h7xx_hal_uart.o
    0x08007880   0x08007880   0x00000078   Code   RO         4614    i.HAL_UART_Init     stm32h7xx_hal_uart.o
    0x080078f8   0x080078f8   0x000000ac   Code   RO          463    i.HAL_UART_MspInit  usart.o
    0x080079a4   0x080079a4   0x00000064   Code   RO         4619    i.HAL_UART_Receive_IT  stm32h7xx_hal_uart.o
    0x08007a08   0x08007a08   0x00000088   Code   RO          464    i.HAL_UART_RxCpltCallback  usart.o
    0x08007a90   0x08007a90   0x00000002   Code   RO         4626    i.HAL_UART_TxCpltCallback  stm32h7xx_hal_uart.o
    0x08007a92   0x08007a92   0x00000004   Code   RO          521    i.HardFault_Handler  stm32h7xx_it.o
    0x08007a96   0x08007a96   0x00000002   PAD
    0x08007a98   0x08007a98   0x0000003c   Code   RO         5688    i.M1_Init           user_motor_init.o
    0x08007ad4   0x08007ad4   0x0000003c   Code   RO          245    i.MX_DCMI_Init      dcmi.o
    0x08007b10   0x08007b10   0x00000034   Code   RO          285    i.MX_DMA_Init       dma.o
    0x08007b44   0x08007b44   0x00000078   Code   RO          313    i.MX_FMC_Init       fmc.o
    0x08007bbc   0x08007bbc   0x000001c0   Code   RO          219    i.MX_GPIO_Init      gpio.o
    0x08007d7c   0x08007d7c   0x000000f4   Code   RO          380    i.MX_TIM15_Init     tim.o
    0x08007e70   0x08007e70   0x00000038   Code   RO          381    i.MX_TIM16_Init     tim.o
    0x08007ea8   0x08007ea8   0x00000038   Code   RO          382    i.MX_TIM17_Init     tim.o
    0x08007ee0   0x08007ee0   0x00000100   Code   RO          383    i.MX_TIM1_Init      tim.o
    0x08007fe0   0x08007fe0   0x00000080   Code   RO          384    i.MX_TIM2_Init      tim.o
    0x08008060   0x08008060   0x00000078   Code   RO          465    i.MX_UART7_Init     usart.o
    0x080080d8   0x080080d8   0x00000004   Code   RO          522    i.MemManage_Handler  stm32h7xx_it.o
    0x080080dc   0x080080dc   0x0000000a   Code   RO         5689    i.Motor_Init        user_motor_init.o
    0x080080e6   0x080080e6   0x00000004   Code   RO          523    i.NMI_Handler       stm32h7xx_it.o
    0x080080ea   0x080080ea   0x00000002   Code   RO          524    i.PendSV_Handler    stm32h7xx_it.o
    0x080080ec   0x080080ec   0x00000138   Code   RO         5588    i.PrintPID          command.o
    0x08008224   0x08008224   0x00000164   Code   RO         1067    i.RCCEx_PLL2_Config  stm32h7xx_hal_rcc_ex.o
    0x08008388   0x08008388   0x00000164   Code   RO         1068    i.RCCEx_PLL3_Config  stm32h7xx_hal_rcc_ex.o
    0x080084ec   0x080084ec   0x00000050   Code   RO          314    i.SDRAM_Initialization_Sequence  fmc.o
    0x0800853c   0x0800853c   0x00000048   Code   RO          315    i.SDRAM_Send_Cmd    fmc.o
    0x08008584   0x08008584   0x00000002   Code   RO          525    i.SVC_Handler       stm32h7xx_it.o
    0x08008586   0x08008586   0x00000002   PAD
    0x08008588   0x08008588   0x0000004c   Code   RO         5589    i.Servo_1_Change_Angle  command.o
    0x080085d4   0x080085d4   0x00000008   Code   RO          526    i.SysTick_Handler   stm32h7xx_it.o
    0x080085dc   0x080085dc   0x000000cc   Code   RO           14    i.SystemClock_Config  main.o
    0x080086a8   0x080086a8   0x00000104   Code   RO         5128    i.SystemInit        system_stm32h7xx.o
    0x080087ac   0x080087ac   0x00000028   Code   RO         5640    i.TIM15_User_Init   user_tim_init.o
    0x080087d4   0x080087d4   0x00000018   Code   RO          527    i.TIM16_IRQHandler  stm32h7xx_it.o
    0x080087ec   0x080087ec   0x00000010   Code   RO         5641    i.TIM16_User_Init   user_tim_init.o
    0x080087fc   0x080087fc   0x0000001c   Code   RO          528    i.TIM17_IRQHandler  stm32h7xx_it.o
    0x08008818   0x08008818   0x00000010   Code   RO         5642    i.TIM17_User_Init   user_tim_init.o
    0x08008828   0x08008828   0x00000034   Code   RO         5643    i.TIM1_User_Init    user_tim_init.o
    0x0800885c   0x0800885c   0x00000014   Code   RO         5644    i.TIM2_User_Init    user_tim_init.o
    0x08008870   0x08008870   0x000000cc   Code   RO         3662    i.TIM_Base_SetConfig  stm32h7xx_hal_tim.o
    0x0800893c   0x0800893c   0x00000022   Code   RO         3663    i.TIM_CCxChannelCmd  stm32h7xx_hal_tim.o
    0x0800895e   0x0800895e   0x00000016   Code   RO         3673    i.TIM_ETR_SetConfig  stm32h7xx_hal_tim.o
    0x08008974   0x08008974   0x00000018   Code   RO         3674    i.TIM_ITRx_SetConfig  stm32h7xx_hal_tim.o
    0x0800898c   0x0800898c   0x000000ac   Code   RO         3675    i.TIM_OC1_SetConfig  stm32h7xx_hal_tim.o
    0x08008a38   0x08008a38   0x000000b4   Code   RO         3676    i.TIM_OC2_SetConfig  stm32h7xx_hal_tim.o
    0x08008aec   0x08008aec   0x000000b0   Code   RO         3677    i.TIM_OC3_SetConfig  stm32h7xx_hal_tim.o
    0x08008b9c   0x08008b9c   0x00000070   Code   RO         3678    i.TIM_OC4_SetConfig  stm32h7xx_hal_tim.o
    0x08008c0c   0x08008c0c   0x0000006c   Code   RO         3679    i.TIM_OC5_SetConfig  stm32h7xx_hal_tim.o
    0x08008c78   0x08008c78   0x0000006c   Code   RO         3680    i.TIM_OC6_SetConfig  stm32h7xx_hal_tim.o
    0x08008ce4   0x08008ce4   0x00000026   Code   RO         3682    i.TIM_TI1_ConfigInputStage  stm32h7xx_hal_tim.o
    0x08008d0a   0x08008d0a   0x00000028   Code   RO         3684    i.TIM_TI2_ConfigInputStage  stm32h7xx_hal_tim.o
    0x08008d32   0x08008d32   0x00000002   PAD
    0x08008d34   0x08008d34   0x00000050   Code   RO          529    i.UART7_IRQHandler  stm32h7xx_it.o
    0x08008d84   0x08008d84   0x00000058   Code   RO         5023    i.UARTEx_SetNbDataToProcess  stm32h7xx_hal_uart_ex.o
    0x08008ddc   0x08008ddc   0x000000f8   Code   RO         4628    i.UART_AdvFeatureConfig  stm32h7xx_hal_uart.o
    0x08008ed4   0x08008ed4   0x00000076   Code   RO         4629    i.UART_CheckIdleState  stm32h7xx_hal_uart.o
    0x08008f4a   0x08008f4a   0x00000018   Code   RO         4630    i.UART_DMAAbortOnError  stm32h7xx_hal_uart.o
    0x08008f62   0x08008f62   0x00000002   PAD
    0x08008f64   0x08008f64   0x0000003c   Code   RO         4640    i.UART_EndRxTransfer  stm32h7xx_hal_uart.o
    0x08008fa0   0x08008fa0   0x00000022   Code   RO         4641    i.UART_EndTransmit_IT  stm32h7xx_hal_uart.o
    0x08008fc2   0x08008fc2   0x00000092   Code   RO         4643    i.UART_RxISR_16BIT  stm32h7xx_hal_uart.o
    0x08009054   0x08009054   0x00000164   Code   RO         4644    i.UART_RxISR_16BIT_FIFOEN  stm32h7xx_hal_uart.o
    0x080091b8   0x080091b8   0x0000008e   Code   RO         4645    i.UART_RxISR_8BIT   stm32h7xx_hal_uart.o
    0x08009246   0x08009246   0x00000002   PAD
    0x08009248   0x08009248   0x00000164   Code   RO         4646    i.UART_RxISR_8BIT_FIFOEN  stm32h7xx_hal_uart.o
    0x080093ac   0x080093ac   0x0000058c   Code   RO         4647    i.UART_SetConfig    stm32h7xx_hal_uart.o
    0x08009938   0x08009938   0x00000110   Code   RO         4649    i.UART_Start_Receive_IT  stm32h7xx_hal_uart.o
    0x08009a48   0x08009a48   0x000000be   Code   RO         4654    i.UART_WaitOnFlagUntilTimeout  stm32h7xx_hal_uart.o
    0x08009b06   0x08009b06   0x00000004   Code   RO          530    i.UsageFault_Handler  stm32h7xx_it.o
    0x08009b0a   0x08009b0a   0x00000030   Code   RO         5956    i.__ARM_fpclassify  m_wv.l(fpclassify.o)
    0x08009b3a   0x08009b3a   0x00000002   PAD
    0x08009b3c   0x08009b3c   0x00000010   Code   RO          670    i.__NVIC_GetPriorityGrouping  stm32h7xx_hal_cortex.o
    0x08009b4c   0x08009b4c   0x00000028   Code   RO          671    i.__NVIC_SetPriority  stm32h7xx_hal_cortex.o
    0x08009b74   0x08009b74   0x0000000e   Code   RO         5844    i._is_digit         c_w.l(__printf_wp.o)
    0x08009b82   0x08009b82   0x00000002   PAD
    0x08009b84   0x08009b84   0x00000084   Code   RO         5590    i.direct_command_0x01  command.o
    0x08009c08   0x08009c08   0x0000001c   Code   RO          466    i.fputc             usart.o
    0x08009c24   0x08009c24   0x0000004c   Code   RO           15    i.main              main.o
    0x08009c70   0x08009c70   0x00000006   Code   RO         5164    i.read_addr         usmart.o
    0x08009c76   0x08009c76   0x00000008   Code   RO         5228    i.read_addr_ext     usmart_config.o
    0x08009c7e   0x08009c7e   0x00000002   PAD
    0x08009c80   0x08009c80   0x0000003c   Code   RO         5229    i.read_out          usmart_config.o
    0x08009cbc   0x08009cbc   0x00000006   Code   RO         5230    i.test_a            usmart_config.o
    0x08009cc2   0x08009cc2   0x00000002   PAD
    0x08009cc4   0x08009cc4   0x000000b0   Code   RO         5165    i.usmart_cmd_rec    usmart.o
    0x08009d74   0x08009d74   0x0000027c   Code   RO         5166    i.usmart_exe        usmart.o
    0x08009ff0   0x08009ff0   0x000000d4   Code   RO         5287    i.usmart_get_aparm  usmart_str.o
    0x0800a0c4   0x0800a0c4   0x00000036   Code   RO         5288    i.usmart_get_cmdname  usmart_str.o
    0x0800a0fa   0x0800a0fa   0x00000002   PAD
    0x0800a0fc   0x0800a0fc   0x000001c0   Code   RO         5289    i.usmart_get_fname  usmart_str.o
    0x0800a2bc   0x0800a2bc   0x0000010c   Code   RO         5290    i.usmart_get_fparam  usmart_str.o
    0x0800a3c8   0x0800a3c8   0x00000020   Code   RO         5291    i.usmart_get_parmpos  usmart_str.o
    0x0800a3e8   0x0800a3e8   0x0000000c   Code   RO         5167    i.usmart_init       usmart.o
    0x0800a3f4   0x0800a3f4   0x00000016   Code   RO         5292    i.usmart_pow        usmart_str.o
    0x0800a40a   0x0800a40a   0x00000002   PAD
    0x0800a40c   0x0800a40c   0x000000d4   Code   RO         5168    i.usmart_scan       usmart.o
    0x0800a4e0   0x0800a4e0   0x00000016   Code   RO         5293    i.usmart_search_nextc  usmart_str.o
    0x0800a4f6   0x0800a4f6   0x00000106   Code   RO         5294    i.usmart_str2num    usmart_str.o
    0x0800a5fc   0x0800a5fc   0x00000022   Code   RO         5295    i.usmart_strcmp     usmart_str.o
    0x0800a61e   0x0800a61e   0x00000016   Code   RO         5296    i.usmart_strcopy    usmart_str.o
    0x0800a634   0x0800a634   0x00000018   Code   RO         5297    i.usmart_strlen     usmart_str.o
    0x0800a64c   0x0800a64c   0x00000574   Code   RO         5169    i.usmart_sys_cmd_exe  usmart.o
    0x0800abc0   0x0800abc0   0x00000004   Code   RO         5170    i.write_addr        usmart.o
    0x0800abc4   0x0800abc4   0x00000020   Code   RO         5231    i.write_in          usmart_config.o
    0x0800abe4   0x0800abe4   0x0000002c   Code   RO         5951    locale$$code        c_w.l(lc_numeric_c.o)
    0x0800ac10   0x0800ac10   0x0000000a   Code   RO         6170    x$fpl$fpinit        fz_wv.l(fpinit.o)
    0x0800ac1a   0x0800ac1a   0x00000004   Code   RO         5867    x$fpl$printf1       fz_wv.l(printf1.o)
    0x0800ac1e   0x0800ac1e   0x00000000   Code   RO         5955    x$fpl$usenofp       fz_wv.l(usenofp.o)
    0x0800ac1e   0x0800ac1e   0x00000008   Data   RO         1656    .constdata          stm32h7xx_hal_dma.o
    0x0800ac26   0x0800ac26   0x00000018   Data   RO         4655    .constdata          stm32h7xx_hal_uart.o
    0x0800ac3e   0x0800ac3e   0x00000010   Data   RO         5025    .constdata          stm32h7xx_hal_uart_ex.o
    0x0800ac4e   0x0800ac4e   0x00000010   Data   RO         5129    .constdata          system_stm32h7xx.o
    0x0800ac5e   0x0800ac5e   0x00000028   Data   RO         5817    .constdata          c_w.l(_printf_hex_int.o)
    0x0800ac86   0x0800ac86   0x00000011   Data   RO         5852    .constdata          c_w.l(__printf_flags_ss_wp.o)
    0x0800ac97   0x0800ac97   0x00000001   PAD
    0x0800ac98   0x0800ac98   0x00000094   Data   RO         5918    .constdata          c_w.l(bigflt0.o)
    0x0800ad2c   0x0800ad2c   0x00000004   Data   RO         5959    .constdata          c_w.l(sys_io.o)
    0x0800ad30   0x0800ad30   0x00000004   Data   RO         5960    .constdata          c_w.l(sys_io.o)
    0x0800ad34   0x0800ad34   0x00000004   Data   RO         5961    .constdata          c_w.l(sys_io.o)
    0x0800ad38   0x0800ad38   0x00000148   Data   RO         5171    .conststring        usmart.o
    0x0800ae80   0x0800ae80   0x000001e7   Data   RO         5232    .conststring        usmart_config.o
    0x0800b067   0x0800b067   0x00000001   PAD
    0x0800b068   0x0800b068   0x00000064   Data   RO         5591    .conststring        command.o
    0x0800b0cc   0x0800b0cc   0x00000020   Data   RO         6246    Region$$Table       anon$$obj.o
    0x0800b0ec   0x0800b0ec   0x0000001c   Data   RO         5950    locale$$data        c_w.l(lc_numeric_c.o)


    Execution Region RW_IRAM1 (Exec base: 0x20000000, Load base: 0x0800b108, Size: 0x00000000, Max: 0x00020000, ABSOLUTE)

    **** No section assigned to this execution region ****


    Execution Region RW_IRAM2 (Exec base: 0x24000000, Load base: 0x0800b108, Size: 0x00000d10, Max: 0x00080000, ABSOLUTE, COMPRESSED[0x00000088])

    Exec Addr    Load Addr    Size         Type   Attr      Idx    E Section Name        Object

    0x24000000   COMPRESSED   0x00000008   Data   RW          318    .data               fmc.o
    0x24000008   COMPRESSED   0x00000003   Data   RW          468    .data               usart.o
    0x2400000b   COMPRESSED   0x00000001   PAD
    0x2400000c   COMPRESSED   0x00000009   Data   RW         2394    .data               stm32h7xx_hal.o
    0x24000015   COMPRESSED   0x00000003   PAD
    0x24000018   COMPRESSED   0x00000008   Data   RW         5130    .data               system_stm32h7xx.o
    0x24000020   COMPRESSED   0x0000001c   Data   RW         5172    .data               usmart.o
    0x2400003c   COMPRESSED   0x00000154   Data   RW         5233    .data               usmart_config.o
    0x24000190   COMPRESSED   0x00000014   Data   RW         5746    .data               encoder.o
    0x240001a4   COMPRESSED   0x00000004   Data   RW         5776    .data               pid.o
    0x240001a8   COMPRESSED   0x00000004   Data   RW         5886    .data               c_w.l(stdio_streams.o)
    0x240001ac   COMPRESSED   0x00000004   Data   RW         5887    .data               c_w.l(stdio_streams.o)
    0x240001b0   COMPRESSED   0x00000004   Data   RW         5888    .data               c_w.l(stdio_streams.o)
    0x240001b4        -       0x000000c8   Zero   RW          246    .bss                dcmi.o
    0x2400027c        -       0x00000034   Zero   RW          317    .bss                fmc.o
    0x240002b0        -       0x0000017c   Zero   RW          385    .bss                tim.o
    0x2400042c        -       0x00000158   Zero   RW          467    .bss                usart.o
    0x24000584        -       0x00000030   Zero   RW         5690    .bss                user_motor_init.o
    0x240005b4        -       0x00000054   Zero   RW         5883    .bss                c_w.l(stdio_streams.o)
    0x24000608        -       0x00000054   Zero   RW         5884    .bss                c_w.l(stdio_streams.o)
    0x2400065c        -       0x00000054   Zero   RW         5885    .bss                c_w.l(stdio_streams.o)
    0x240006b0        -       0x00000060   Zero   RW         5964    .bss                c_w.l(libspace.o)
    0x24000710        -       0x00000200   Zero   RW            2    HEAP                startup_stm32h750xx.o
    0x24000910        -       0x00000400   Zero   RW            1    STACK               startup_stm32h750xx.o



  Load Region LR$$.ARM.__AT_0xC0000000 (Base: 0xc0000000, Size: 0x00000000, Max: 0x000f4240, ABSOLUTE)

    Execution Region ER$$.ARM.__AT_0xC0000000 (Exec base: 0xc0000000, Load base: 0xc0000000, Size: 0x000f4240, Max: 0x000f4240, ABSOLUTE, UNINIT)

    Exec Addr    Load Addr    Size         Type   Attr      Idx    E Section Name        Object

    0xc0000000        -       0x000f4240   Zero   RW          316    .ARM.__AT_0xC0000000  fmc.o


==============================================================================

Image component sizes


      Code (inc. data)   RO Data    RW Data    ZI Data      Debug   Object Name

       684        166        100          0          0       3634   command.o
       456         42          0          0        200       1896   dcmi.o
        52          4          0          0          0        734   dma.o
       152         40          0         20          0        896   encoder.o
       618         54          0          8    1000052       3865   fmc.o
       448         16          0          0          0       1239   gpio.o
       286         12          0          0          0    1311080   main.o
       244         16          0          4          0       1220   pid.o
        64         26        664          0       1536        832   startup_stm32h750xx.o
       272         52          0          9          0      23168   stm32h7xx_hal.o
       310         22          0          0          0      39959   stm32h7xx_hal_cortex.o
       384          8          0          0          0       4732   stm32h7xx_hal_dcmi.o
      7042        140          8          0          0      10767   stm32h7xx_hal_dma.o
       552         52          0          0          0       2937   stm32h7xx_hal_gpio.o
        44          6          0          0          0        790   stm32h7xx_hal_msp.o
        96          6          0          0          0        761   stm32h7xx_hal_pwr_ex.o
      3524        108          0          0          0       6732   stm32h7xx_hal_rcc.o
      4784        110          0          0          0       7049   stm32h7xx_hal_rcc_ex.o
       212          4          0          0          0       2740   stm32h7xx_hal_sdram.o
      3478        264          0          0          0      20183   stm32h7xx_hal_tim.o
       378         34          0          0          0       3876   stm32h7xx_hal_tim_ex.o
      4588        182         24          0          0      35170   stm32h7xx_hal_uart.o
       360         10         16          0          0       5322   stm32h7xx_hal_uart_ex.o
       198         42          0          0          0       6619   stm32h7xx_it.o
       314          4          0          0          0       4088   stm32h7xx_ll_fmc.o
       260         40         16          8          0       1286   system_stm32h7xx.o
      1344         98          0          0        380       6036   tim.o
       456         46          0          3        344       2966   usart.o
        70         22          0          0         48       1220   user_motor_init.o
       144         30          0          0          0       2640   user_tim_init.o
      2442        934        328         28          0       5598   usmart.o
       106         26        487        340          0       3795   usmart_config.o
      1400         20          0          0          0       8969   usmart_str.o

    ----------------------------------------------------------------------
     35790       2636       1676        424    1002560    1532799   Object Totals
         0          0         32          0          0          0   (incl. Generated)
        28          0          1          4          0          0   (incl. Padding)

    ----------------------------------------------------------------------

      Code (inc. data)   RO Data    RW Data    ZI Data      Debug   Library Member Name

        90          0          0          0          0          0   __dczerorl2.o
         8          0          0          0          0         68   __main.o
       392          4         17          0          0         92   __printf_flags_ss_wp.o
        14          0          0          0          0         68   __printf_wp.o
         0          0          0          0          0          0   __rtentry.o
        12          0          0          0          0          0   __rtentry2.o
         6          0          0          0          0          0   __rtentry4.o
        52          8          0          0          0          0   __scatter.o
        28          0          0          0          0          0   __scatter_zi.o
         6          0          0          0          0          0   _printf_c.o
        44          0          0          0          0        108   _printf_char.o
        48          6          0          0          0         96   _printf_char_common.o
        36          4          0          0          0         80   _printf_char_file.o
         6          0          0          0          0          0   _printf_d.o
       120         16          0          0          0         92   _printf_dec.o
         6          0          0          0          0          0   _printf_f.o
      1054          0          0          0          0        216   _printf_fp_dec.o
       128         16          0          0          0         84   _printf_fp_infnan.o
        88          4         40          0          0         88   _printf_hex_int.o
       178          0          0          0          0         88   _printf_intcommon.o
        78          0          0          0          0        108   _printf_pad.o
         0          0          0          0          0          0   _printf_percent.o
         4          0          0          0          0          0   _printf_percent_end.o
         6          0          0          0          0          0   _printf_s.o
        82          0          0          0          0         80   _printf_str.o
         6          0          0          0          0          0   _printf_u.o
         6          0          0          0          0          0   _printf_x.o
       228          4        148          0          0         96   bigflt0.o
      1936        128          0          0          0        672   btod.o
        10          0          0          0          0         68   defsig_exit.o
        50          0          0          0          0         88   defsig_general.o
        80         58          0          0          0         76   defsig_rtmem_inner.o
        14          0          0          0          0         80   defsig_rtmem_outer.o
        52         38          0          0          0         76   defsig_rtred_inner.o
        14          0          0          0          0         80   defsig_rtred_outer.o
        18          0          0          0          0         80   exit.o
        76          0          0          0          0         88   fclose.o
         8          0          0          0          0         68   ferror.o
       236          4          0          0          0        128   fopen.o
       248          6          0          0          0         84   fseek.o
        66          0          0          0          0         76   ftell.o
        94          0          0          0          0         80   h1_alloc.o
        52          0          0          0          0         68   h1_extend.o
        78          0          0          0          0         80   h1_free.o
        14          0          0          0          0         84   h1_init.o
         6          0          0          0          0        152   heapauxi.o
         4          0          0          0          0        136   hguard.o
         0          0          0          0          0          0   indicate_semi.o
       138          0          0          0          0        168   init_alloc.o
       312         46          0          0          0        112   initio.o
        44         10         28          0          0         76   lc_numeric_c.o
         2          0          0          0          0          0   libinit.o
        34          0          0          0          0          0   libinit2.o
         2          0          0          0          0          0   libshutdown.o
         6          0          0          0          0          0   libshutdown2.o
         8          4          0          0         96         68   libspace.o
       138          0          0          0          0         80   lludiv10.o
       238          0          0          0          0        100   lludivv7m.o
         0          0          0          0          0          0   maybetermalloc1.o
        24          4          0          0          0         84   noretval__2printf.o
         8          4          0          0          0         68   rt_errno_addr_intlibspace.o
         8          4          0          0          0         68   rt_heap_descriptor_intlibspace.o
         8          4          0          0          0         68   rt_locale_intlibspace.o
        78          0          0          0          0         80   rt_memclr_w.o
         2          0          0          0          0          0   rtexit.o
        10          0          0          0          0          0   rtexit2.o
        70          0          0          0          0         80   setvbuf.o
       240          6          0          0          0        156   stdio.o
         0          0          0         12        252          0   stdio_streams.o
       104          0          0          0          0         68   strcmpv7m_pel.o
        62          0          0          0          0         76   strlen.o
        12          4          0          0          0         68   sys_exit.o
       102          0         12          0          0        240   sys_io.o
        74          0          0          0          0         80   sys_stackheap_outer.o
        14          0          0          0          0         76   sys_wrch.o
         2          0          0          0          0         68   use_no_semi.o
        10          0          0          0          0        116   fpinit.o
         4          0          0          0          0        116   printf1.o
         0          0          0          0          0          0   usenofp.o
        48          0          0          0          0        124   fpclassify.o

    ----------------------------------------------------------------------
      7608        382        246         12        348       5868   Library Totals
        24          0          1          0          0          0   (incl. Padding)

    ----------------------------------------------------------------------

      Code (inc. data)   RO Data    RW Data    ZI Data      Debug   Library Name

      7522        382        245         12        348       5512   c_w.l
        14          0          0          0          0        232   fz_wv.l
        48          0          0          0          0        124   m_wv.l

    ----------------------------------------------------------------------
      7608        382        246         12        348       5868   Library Totals

    ----------------------------------------------------------------------

==============================================================================


      Code (inc. data)   RO Data    RW Data    ZI Data      Debug   

     43398       3018       1922        436    1002908    1518051   Grand Totals
     43398       3018       1922        136    1002908    1518051   ELF Image Totals (compressed)
     43398       3018       1922        136          0          0   ROM Totals

==============================================================================

    Total RO  Size (Code + RO Data)                45320 (  44.26kB)
    Total RW  Size (RW Data + ZI Data)           1003344 ( 979.83kB)
    Total ROM Size (Code + RO Data + RW Data)      45456 (  44.39kB)

==============================================================================

