<html>
<body>
<pre>
<h1>µVision Build Log</h1>
<h2>Tool Versions:</h2>
IDE-Version: ¦ÌVision V5.34.0.0
Copyright (C) 2021 ARM Ltd and ARM Germany GmbH. All rights reserved.
License Information: null null, null, LIC=QF82M-X6NA6-HL2CL-04112-QT65E-JR3HD
 
Tool Versions:
Toolchain:       MDK-ARM Plus  Version: 5.34.0.0
Toolchain Path:  D:\Programs\Keil5\ARM\ARMCC\Bin
C Compiler:      Armcc.exe V5.06 update 7 (build 960)
Assembler:       Armasm.exe V5.06 update 7 (build 960)
Linker/Locator:  ArmLink.exe V5.06 update 7 (build 960)
Library Manager: ArmAr.exe V5.06 update 7 (build 960)
Hex Converter:   FromElf.exe V5.06 update 7 (build 960)
CPU DLL:         SARMCM3.DLL V5.34.0.0
Dialog DLL:      DCM.DLL V1.17.3.0
Target DLL:      STLink\ST-LINKIII-KEIL_SWO.dll V3.0.8.0
Dialog DLL:      TCM.DLL V1.48.0.0
 
<h2>Project:</h2>
D:\GitWorkspace\Star.Pt\MDK-ARM\Star.Pt.uvprojx
Project File Date:  11/28/2021

<h2>Output:</h2>
*** Using Compiler 'V5.06 update 7 (build 960)', folder: 'D:\Programs\Keil5\ARM\ARMCC\Bin'
Build target 'Star.Pt'
assembling startup_stm32h750xx.s...
compiling dcmi.c...
compiling usart.c...
compiling tim.c...
../Core/Inc/User_Init/user_tim_init.h(15): warning:  #1-D: last line of file ends without a newline
  #endif
../Core/Src/tim.c: 1 warning, 0 errors
compiling fmc.c...
compiling gpio.c...
compiling main.c...
compiling dma.c...
compiling stm32h7xx_it.c...
compiling stm32h7xx_hal_msp.c...
compiling stm32h7xx_hal_cortex.c...
compiling stm32h7xx_hal_dcmi.c...
compiling stm32h7xx_hal_rcc_ex.c...
compiling stm32h7xx_hal_flash.c...
compiling stm32h7xx_hal_rcc.c...
compiling stm32h7xx_hal_flash_ex.c...
compiling stm32h7xx_hal_gpio.c...
compiling stm32h7xx_hal_hsem.c...
compiling stm32h7xx_hal_mdma.c...
compiling stm32h7xx_hal_dma.c...
compiling stm32h7xx_hal_pwr.c...
compiling stm32h7xx_hal_dma_ex.c...
compiling stm32h7xx_hal_i2c_ex.c...
compiling stm32h7xx_hal_pwr_ex.c...
compiling stm32h7xx_hal.c...
compiling stm32h7xx_hal_sdram.c...
compiling stm32h7xx_ll_fmc.c...
compiling stm32h7xx_hal_i2c.c...
compiling stm32h7xx_hal_exti.c...
compiling system_stm32h7xx.c...
compiling stm32h7xx_hal_uart_ex.c...
compiling usmart.c...
compiling usmart_config.c...
compiling stm32h7xx_hal_tim.c...
compiling stm32h7xx_hal_uart.c...
compiling stm32h7xx_hal_tim_ex.c...
compiling usmart_str.c...
compiling camera.c...
compiling command.c...
..\Core\Src\Command\command.c(42): warning:  #223-D: function "abs" declared implicitly
  	TIM1->CCR1 = abs(motor_spd1);
..\Core\Src\Command\command.c(104): warning:  #1035-D: single-precision operand implicitly converted to double-precision
  	int32_t turn_pwm = (int32_t)((float)angle*10/1.8);
..\Core\Src\Command\command.c: 2 warnings, 0 errors
compiling sccb.c...
compiling user_tim_init.c...
../Core/Inc/User_Init/user_tim_init.h(15): warning:  #1-D: last line of file ends without a newline
  #endif
..\Core\Src\User_Init\user_tim_init.c: 1 warning, 0 errors
compiling ov2640.c...
..\Core\Src\CAMERA\ov2640.c(18): warning:  #177-D: variable "reg"  was declared but never referenced
  	uint16_t reg;
..\Core\Src\CAMERA\ov2640.c: 1 warning, 0 errors
compiling user_motor_init.c...
compiling general.c...
compiling encoder.c...
..\Core\Src\Motor\encoder.c(25): warning:  #1035-D: single-precision operand implicitly converted to double-precision
  		M1_speed = (float)encoder_M1_count_per*10.0/64/50;//50 for gearbox(120rpm),64 pulse per 
..\Core\Src\Motor\encoder.c(30): warning:  #1-D: last line of file ends without a newline
  }
..\Core\Src\Motor\encoder.c: 2 warnings, 0 errors
compiling PID.c...
..\Core\Src\Motor\PID.c(43): warning:  #1-D: last line of file ends without a newline
  }
..\Core\Src\Motor\PID.c: 1 warning, 0 errors
linking...
Program Size: Code=43398 RO-data=1922 RW-data=436 ZI-data=1002908  
FromELF: creating hex file...
"Star.Pt\Star.Pt" - 0 Error(s), 8 Warning(s).

<h2>Software Packages used:</h2>

Package Vendor: ARM
                http://www.keil.com/pack/ARM.CMSIS.5.7.0.pack
                ARM.CMSIS.5.7.0
                CMSIS (Cortex Microcontroller Software Interface Standard)
   * Component: CORE Version: 5.4.0

Package Vendor: Keil
                http://www.keil.com/pack/Keil.STM32H7xx_DFP.2.8.0.pack
                Keil.STM32H7xx_DFP.2.8.0
                STMicroelectronics STM32H7 Series Device Support and Examples

<h2>Collection of Component include folders:</h2>
  .\RTE\_Star.Pt
  D:\Programs\Keil5\Packs\ARM\CMSIS\5.7.0\CMSIS\Core\Include
  D:\Programs\Keil5\Packs\Keil\STM32H7xx_DFP\2.8.0\Drivers\CMSIS\Device\ST\STM32H7xx\Include

<h2>Collection of Component Files used:</h2>

   * Component: ARM::CMSIS:CORE:5.4.0
      Include file:  CMSIS\Core\Include\tz_context.h
Build Time Elapsed:  00:00:10
</pre>
</body>
</html>
